root@ad2e6717b5d5:/backup# ls -la /backup/; tmux wait -S done
total 40
drwxr-xr-x 1 root root  4096 Dec  4 16:59 .
drwxr-xr-x 1 root root  4096 Dec  4 17:54 ..
-rw-r--r-- 1 root root   945 Dec  4 16:54 backup_metadata.log
-rw-r--r-- 1 root root   718 Dec  4 16:54 database.sql
-rw-r--r-- 1 root root   703 Dec  4 16:54 postgresql.conf
-rw-r--r-- 1 root root 15425 Dec  4 16:54 transactions_backup.json
-rw-r--r-- 1 root root  2351 Dec  4 16:54 users_export.csv
root@ad2e6717b5d5:/backup# service postgresql start; tmux wait -S done
 * Starting PostgreSQL 16 database server                                                                                                                [ OK ]
root@ad2e6717b5d5:/backup# head -20 /backup/database.sql; tmux wait -S done
-- PostgreSQL database dump
-- This dump contains the schema and some sample data
-- Note: Some statements may have errors that need to be fixed

-- Create users table
CREATE TABLE IF NOT EXISTS users (
    user_id INTEGER PRIMARY KEY,
    username VARCHAR(100) NOT NULL,
    email VARCHAR(255) NOT NULL,
    created_at TIMESTAMP,
    status VARCHAR(20)
);

-- Create transactions table
CREATE TABLE IF NOT EXISTS transactions (
    transaction_id INTEGER PRIMARY KEY,
    user_id INTEGER,
    amount DECIMAL(10,2),
    timestamp TIMESTAMP,
    description TEXT,
root@ad2e6717b5d5:/backup# head -20 /backup/users_export.csv; tmux wait -S done
user_id,username,email,created_at,status
1,alice_smith,alice_smith@example.com,2024-11-21 01:25:46,inactive
2,bob_jones,bob_jones@example.com,2025-06-28 01:25:46,active
3,charlie_brown,charlie_brown@example.com,2025-08-13 01:25:46,suspended
4,diana_prince,diana_prince@example.com,2025-08-05 01:25:46,inactive
5,eve_adams,eve_adams@example.com,2025-09-08 01:25:46,inactive
6,frank_white,frank_white@example.com,2025-09-04 01:25:46,active
7,grace_lee,grace_lee@example.com,2025-06-05 01:25:46,active
8,henry_ford,henry_ford@example.com,2025-07-25 01:25:46,inactive
9,iris_west,iris_west@example.com,2025-03-23 01:25:46,suspended
10,jack_ryan,jack_ryan@example.com,2024-10-19 01:25:46,inactive
11,kate_mills,kate_mills@example.com,2025-06-27 01:25:46,active
12,leo_king,leo_king@example.com,2024-12-21 01:25:46,inactive
13,mary_jane,mary_jane@example.com,2025-10-03 01:25:46,suspended
14,nick_fury,nick_fury@example.com,2025-04-03 01:25:46,suspended
15,olivia_pope,olivia_pope@example.com,2025-06-01 01:25:46,active
16,peter_parker,peter_parker@example.com,2025-01-02 01:25:46,inactive
17,quinn_baker,quinn_baker@example.com,2025-01-22 01:25:46,suspended
18,rachel_green,rachel_green@example.com,2025-04-01 01:25:46,inactive
19,steve_rogers,steve_rogers@example.com,2025-06-28 01:25:46,active
root@ad2e6717b5d5:/backup# head -20 /backup/transactions_backup.json; tmux wait -S done
[
  {
    "transaction_id": 1,
    "user_id": 16,
    "amount": 46.0,
    "timestamp": "2025-07-16 01:25:56",
    "description": "Subscription"
  },
  {
    "transaction_id": 2,
    "user_id": 6,
    "amount": 646.05,
    "timestamp": "2025-05-02 01:25:56",
    "description": "Payment"
  },
  {
    "transaction_id": 3,
    "user_id": 29,
    "amount": 186.76,
    "timestamp": "2025-07-30 01:25:56",
root@ad2e6717b5d5:/backup# cat /backup/backup_metadata.log; tmux wait -S done
[2025-09-28 03:00:00] INFO: Starting database backup process
[2025-09-28 03:00:01] INFO: Backup initiated by: admin
[2025-09-28 03:00:01] INFO: Backup type: Full
[2025-09-28 03:00:02] INFO: Connecting to database: production_db
[2025-09-28 03:00:03] INFO: Connection successful
[2025-09-28 03:00:05] INFO: Backing up table: users
[2025-09-28 03:00:06] INFO: Table 'users' backed up successfully - 30 rows
[2025-09-28 03:00:07] INFO: Backing up table: transactions
[2025-09-28 03:00:09] INFO: Table 'transactions' backed up successfully - 100 rows
[2025-09-28 03:00:10] INFO: Total tables backed up: 2
[2025-09-28 03:00:10] INFO: Total rows backed up: 130
[2025-09-28 03:00:11] INFO: Running integrity check
[2025-09-28 03:00:12] INFO: Integrity check: PASSED
[2025-09-28 03:00:13] INFO: Backup completed successfully
[2025-09-28 03:00:13] INFO: Backup file: /backup/database.sql
[2025-09-28 03:00:13] INFO: Backup timestamp: 2025-09-28 03:00:00
root@ad2e6717b5d5:/backup# psql -U postgres -c 'CREATE DATABASE production_db;'; tmux wait -S done
psql: error: connection to server on socket "/var/run/postgresql/.s.PGSQL.5432" failed: FATAL:  Peer authentication failed for user "postgres"
root@ad2e6717b5d5:/backup# psql -U postgres -d production_db -f /backup/database.sql; tmux wait -S done
psql: error: connection to server on socket "/var/run/postgresql/.s.PGSQL.5432" failed: FATAL:  Peer authentication failed for user "postgres"
root@ad2e6717b5d5:/backup# psql -U postgres -d production_db -c '\dt'; tmux wait -S done
psql: error: connection to server on socket "/var/run/postgresql/.s.PGSQL.5432" failed: FATAL:  Peer authentication failed for user "postgres"
root@ad2e6717b5d5:/backup# psql -U postgres -d production_db -c '\d users'; tmux wait -S done
psql: error: connection to server on socket "/var/run/postgresql/.s.PGSQL.5432" failed: FATAL:  Peer authentication failed for user "postgres"
root@ad2e6717b5d5:/backup# psql -U postgres -d production_db -c '\d transactions'; tmux wait -S done
psql: error: connection to server on socket "/var/run/postgresql/.s.PGSQL.5432" failed: FATAL:  Peer authentication failed for user "postgres"
root@ad2e6717b5d5:/backup# wc -l /backup/users_export.csv /backup/transactions_backup.json; tmux wait -S done
   37 /backup/users_export.csv
  743 /backup/transactions_backup.json
  780 total
root@ad2e6717b5d5:/backup# su - postgres -c "psql -c 'CREATE DATABASE production_db;'"; tmux wait -S done
CREATE DATABASE
root@ad2e6717b5d5:/backup# su - postgres -c "psql -d production_db -f /backup/database.sql"; tmux wait -S done
CREATE TABLE
CREATE TABLE
root@ad2e6717b5d5:/backup# su - postgres -c "psql -d production_db -c '\dt'"; tmux wait -S done
            List of relations
 Schema |     Name     | Type  |  Owner
--------+--------------+-------+----------
 public | transactions | table | postgres
 public | users        | table | postgres
(2 rows)

root@ad2e6717b5d5:/backup# su - postgres -c "psql -d production_db -c '\d users'"; tmux wait -S done
                           Table "public.users"
   Column   |            Type             | Collation | Nullable | Default
------------+-----------------------------+-----------+----------+---------
 user_id    | integer                     |           | not null |
 username   | character varying(100)      |           | not null |
 email      | character varying(255)      |           | not null |
 created_at | timestamp without time zone |           |          |
 status     | character varying(20)       |           |          |
Indexes:
    "users_pkey" PRIMARY KEY, btree (user_id)
Referenced by:
    TABLE "transactions" CONSTRAINT "transactions_user_id_fkey" FOREIGN KEY (user_id) REFERENCES users(user_id)

root@ad2e6717b5d5:/backup# su - postgres -c "psql -d production_db -c '\d transactions'"; tmux wait -S done
                          Table "public.transactions"
     Column     |            Type             | Collation | Nullable | Default
----------------+-----------------------------+-----------+----------+---------
 transaction_id | integer                     |           | not null |
 user_id        | integer                     |           |          |
 amount         | numeric(10,2)               |           |          |
 timestamp      | timestamp without time zone |           |          |
 description    | text                        |           |          |
Indexes:
    "transactions_pkey" PRIMARY KEY, btree (transaction_id)
Foreign-key constraints:
    "transactions_user_id_fkey" FOREIGN KEY (user_id) REFERENCES users(user_id)

root@ad2e6717b5d5:/backup# cat > /backup/clean_data.py << 'EOF'
> import csv
> import json
> import re
>
> # Clean users CSV
> print("Cleaning users data...")
> valid_users = []
> valid_statuses = {'active', 'inactive', 'suspended'}
> email_pattern = re.compile(r'.+@.+')
>
> with open('/backup/users_export.csv', 'r') as f:
>     reader = csv.DictReader(f)
>     for row in reader:
>         # Check if user_id exists and is not empty
>         if not row.get('user_id') or not row['user_id'].strip():
>             continue
>         # Check if username is not empty
>         if not row.get('username') or not row['username'].strip():
>             continue
>         # Check if email is valid (contains @)
>         if not row.get('email') or not email_pattern.match(row['email']):
>             continue
>         # Check if status is valid
>         if not row.get('status') or row['status'].strip() not in valid_statuses:
>             continue
>         valid_users.append(row)
>
> print(f"Valid users: {len(valid_users)}")
>
> # Write cleaned users to CSV
> with open('/backup/clean_users.csv', 'w', newline='') as f:
>     if valid_users:
>         writer = csv.DictWriter(f, fieldnames=['user_id', 'username', 'email', 'created_at', 'status'])
>         writer.writeheader()
>         writer.writerows(valid_users)
>
> print("Users cleaned and saved to clean_users.csv")
>
> # Clean transactions JSON
> print("\nCleaning transactions data...")
> with open('/backup/transactions_backup.json', 'r') as f:
>     transactions = json.load(f)
>
> valid_transactions = []
> for txn in transactions:
>     # Check transaction_id is not null
>     if txn.get('transaction_id') is None:
>         continue
>     # Check amount is not null and is positive
>     if txn.get('amount') is None or txn['amount'] <= 0:
>         continue
>     # Check timestamp exists
>     if not txn.get('timestamp'):
>         continue
>     # Check user_id is valid (1-30)
>     if txn.get('user_id') is None or txn['user_id'] < 1 or txn['user_id'] > 30:
>         continue
>     valid_transactions.append(txn)
>
> print(f"Valid transactions: {len(valid_transactions)}")
>
> # Write valid transactions to JSON
> with open('/backup/valid_transactions.json', 'w') as f:
>     json.dump(valid_transactions, f, indent=2)
>     f.write('\n')
>
> print("Transactions cleaned and saved to valid_transactions.json")
> EOF
root@ad2e6717b5d5:/backup# python3 /backup/clean_data.py; tmux wait -S done
Cleaning users data...
Valid users: 30
Users cleaned and saved to clean_users.csv

Cleaning transactions data...
Traceback (most recent call last):
  File "/backup/clean_data.py", line 50, in <module>
    if txn.get('amount') is None or txn['amount'] <= 0:
                                    ^^^^^^^^^^^^^^^^^^
TypeError: '<=' not supported between instances of 'str' and 'int'
root@ad2e6717b5d5:/backup# cat > /backup/clean_data.py << 'EOF'
> import csv
> import json
> import re
>
> # Clean users CSV
> print("Cleaning users data...")
> valid_users = []
> valid_statuses = {'active', 'inactive', 'suspended'}
> email_pattern = re.compile(r'.+@.+')
>
> with open('/backup/users_export.csv', 'r') as f:
>     reader = csv.DictReader(f)
>     for row in reader:
>         # Check if user_id exists and is not empty
>         if not row.get('user_id') or not row['user_id'].strip():
>             continue
>         # Check if username is not empty
>         if not row.get('username') or not row['username'].strip():
>             continue
>         # Check if email is valid (contains @)
>         if not row.get('email') or not email_pattern.match(row['email']):
>             continue
>         # Check if status is valid
>         if not row.get('status') or row['status'].strip() not in valid_statuses:
>             continue
>         valid_users.append(row)
>
> print(f"Valid users: {len(valid_users)}")
>
> # Write cleaned users to CSV
> with open('/backup/clean_users.csv', 'w', newline='') as f:
>     if valid_users:
>         writer = csv.DictWriter(f, fieldnames=['user_id', 'username', 'email', 'created_at', 'status'])
>         writer.writeheader()
>         writer.writerows(valid_users)
>
> print("Users cleaned and saved to clean_users.csv")
>
> # Clean transactions JSON
> print("\nCleaning transactions data...")
> with open('/backup/transactions_backup.json', 'r') as f:
>     transactions = json.load(f)
>
> valid_transactions = []
> for txn in transactions:
>     # Check transaction_id is not null
>     if txn.get('transaction_id') is None:
>         continue
>     # Check timestamp exists
>     if not txn.get('timestamp'):
>         continue
>     # Check user_id is valid (1-30)
>     if txn.get('user_id') is None or txn['user_id'] < 1 or txn['user_id'] > 30:
>         continue
>     # Check amount is not null and is positive
>     amount = txn.get('amount')
>     if amount is None:
>         continue
>     try:
>         amount_val = float(amount)
>         if amount_val <= 0:
>             continue
>     except (ValueError, TypeError):
>         continue
>
>     valid_transactions.append(txn)
>
> print(f"Valid transactions: {len(valid_transactions)}")
>
> # Write valid transactions to JSON
> with open('/backup/valid_transactions.json', 'w') as f:
>     json.dump(valid_transactions, f, indent=2)
>     f.write('\n')
>
> print("Transactions cleaned and saved to valid_transactions.json")
> EOF
root@ad2e6717b5d5:/backup# python3 /backup/clean_data.py; tmux wait -S done
Cleaning users data...
Valid users: 30
Users cleaned and saved to clean_users.csv

Cleaning transactions data...
Valid transactions: 100
Transactions cleaned and saved to valid_transactions.json
root@ad2e6717b5d5:/backup# su - postgres -c "psql -d production_db -c \"COPY users(user_id, username, email, created_at, status) FROM '/backup/clean_users.csv'
WITH (FORMAT csv, HEADER true);\""; tmux wait -S done
COPY 30
root@ad2e6717b5d5:/backup# su - postgres -c "psql -d production_db -c 'SELECT COUNT(*) FROM users;'"; tmux wait -S done
 count
-------
    30
(1 row)

root@ad2e6717b5d5:/backup# cat > /backup/import_transactions.py << 'EOF'
> import json
> import psycopg2
>
> # Load valid transactions
> with open('/backup/valid_transactions.json', 'r') as f:
>     transactions = json.load(f)
>
> # Connect to database
> conn = psycopg2.connect(
>     dbname='production_db',
>     user='postgres',
>     host='/var/run/postgresql'
> )
> cur = conn.cursor()
>
> # Insert transactions
> for txn in transactions:
>     cur.execute(
>         "INSERT INTO transactions (transaction_id, user_id, amount, timestamp, description) VALUES (%s, %s, %s, %s, %s)",
>         (txn['transaction_id'], txn['user_id'], txn['amount'], txn['timestamp'], txn.get('description', ''))
>     )
>
> conn.commit()
> print(f"Imported {len(transactions)} transactions")
>
> cur.close()
> conn.close()
> EOF
root@ad2e6717b5d5:/backup# python3 /backup/import_transactions.py; tmux wait -S done
Traceback (most recent call last):
  File "/backup/import_transactions.py", line 2, in <module>
    import psycopg2
ModuleNotFoundError: No module named 'psycopg2'
root@ad2e6717b5d5:/backup# su - postgres -c "psql -d production_db -c 'SELECT COUNT(*) FROM transactions;'"; tmux wait -S done
 count
-------
     0
(1 row)

root@ad2e6717b5d5:/backup# cat > /backup/json_to_csv.py << 'EOF'
> import json
> import csv
>
> # Load valid transactions
> with open('/backup/valid_transactions.json', 'r') as f:
>     transactions = json.load(f)
>
> # Write to CSV
> with open('/backup/transactions.csv', 'w', newline='') as f:
>     writer = csv.writer(f)
>     for txn in transactions:
>         writer.writerow([
>             txn['transaction_id'],
>             txn['user_id'],
>             txn['amount'],
>             txn['timestamp'],
>             txn.get('description', '')
>         ])
>
> print(f"Converted {len(transactions)} transactions to CSV")
> EOF
root@ad2e6717b5d5:/backup# python3 /backup/json_to_csv.py; tmux wait -S done
Converted 100 transactions to CSV
root@ad2e6717b5d5:/backup# su - postgres -c "psql -d production_db -c \"COPY transactions(transaction_id, user_id, amount, timestamp, description) FROM '/backup
/transactions.csv' WITH (FORMAT csv);\""; tmux wait -S done
COPY 100
root@ad2e6717b5d5:/backup# su - postgres -c "psql -d production_db -c 'SELECT COUNT(*) FROM users;'"; tmux wait -S done
 count
-------
    30
(1 row)

root@ad2e6717b5d5:/backup# su - postgres -c "psql -d production_db -c 'SELECT COUNT(*) FROM transactions;'"; tmux wait -S done
 count
-------
   100
(1 row)

root@ad2e6717b5d5:/backup# cat > /backup/generate_reports.py << 'EOF'
> import subprocess
> import json
>
> def run_query(query):
>     result = subprocess.run(
>         ['su', '-', 'postgres', '-c', f'psql -d production_db -t -A -c "{query}"'],
>         capture_output=True,
>         text=True
>     )
>     return result.stdout.strip()
>
> # Generate db_stats.txt
> print("Generating database statistics...")
> total_users = run_query('SELECT COUNT(*) FROM users;')
> active_users = run_query("SELECT COUNT(*) FROM users WHERE status = 'active';")
> total_transactions = run_query('SELECT COUNT(*) FROM transactions;')
> total_amount = run_query('SELECT ROUND(SUM(amount)::numeric, 2) FROM transactions;')
> avg_per_user = run_query('SELECT ROUND(AVG(total)::numeric, 2) FROM (SELECT SUM(amount) as total FROM transactions GROUP BY user_id) as user_totals;')
>
> with open('/backup/db_stats.txt', 'w') as f:
>     f.write('DATABASE STATISTICS\n')
>     f.write('==================\n')
>     f.write(f'Total Users: {total_users}\n')
>     f.write(f'Active Users: {active_users}\n')
>     f.write(f'Total Transactions: {total_transactions}\n')
>     f.write(f'Total Amount: {total_amount}\n')
>     f.write(f'Average per User: {avg_per_user}\n')
>
> print("db_stats.txt created")
>
> # Generate top_users.csv
> print("\nGenerating top users report...")
> query = """SELECT u.username, ROUND(SUM(t.amount)::numeric, 2) as total_amount
>            FROM users u
>            JOIN transactions t ON u.user_id = t.user_id
>            GROUP BY u.username
>            ORDER BY total_amount DESC, u.username ASC
>            LIMIT 10;"""
>
> result = subprocess.run(
>     ['su', '-', 'postgres', '-c', f'psql -d production_db -t -A -F, -c "{query}"'],
>     capture_output=True,
>     text=True
> )
>
> with open('/backup/top_users.csv', 'w') as f:
>     f.write('username,total_amount\n')
>     f.write(result.stdout)
>
> print("top_users.csv created")
>
> # Generate backup_verification.txt
> print("\nGenerating backup verification...")
> with open('/backup/backup_metadata.log', 'r') as f:
>     lines = f.readlines()
>
> backup_date = ''
> tables_backed_up = ''
> total_rows = ''
> integrity_check = ''
>
> for line in lines:
>     if 'Backup timestamp:' in line:
>         backup_date = line.split('Backup timestamp:')[1].strip()
>     elif 'Total tables backed up:' in line:
>         tables_backed_up = line.split('Total tables backed up:')[1].strip()
>     elif 'Total rows backed up:' in line:
>         total_rows = line.split('Total rows backed up:')[1].strip()
>     elif 'Integrity check:' in line:
>         integrity_check = line.split('Integrity check:')[1].strip()
>
> with open('/backup/backup_verification.txt', 'w') as f:
>     f.write('BACKUP VERIFICATION\n')
>     f.write('===================\n')
>     f.write(f'Backup Date: {backup_date}\n')
>     f.write(f'Tables Backed Up: {tables_backed_up}\n')
>     f.write(f'Total Rows: {total_rows}\n')
>     f.write(f'Integrity Check: {integrity_check}\n')
>
> print("backup_verification.txt created")
>
> print("\nAll reports generated successfully!")
> EOF
root@ad2e6717b5d5:/backup# python3 /backup/generate_reports.py; tmux wait -S done
Generating database statistics...
db_stats.txt created

Generating top users report...
top_users.csv created

Generating backup verification...
backup_verification.txt created

All reports generated successfully!
root@ad2e6717b5d5:/backup# cat /backup/db_stats.txt; tmux wait -S done
DATABASE STATISTICS
==================
Total Users: 30
Active Users: 13
Total Transactions: 100
Total Amount: 53109.46
Average per User: 1770.32
root@ad2e6717b5d5:/backup# cat /backup/top_users.csv; tmux wait -S done
username,total_amount
zara_ahmed,4400.17
alice_smith,3682.87
victor_von,3451.21
donna_noble,3225.49
xavier_prof,2990.51
nick_fury,2709.20
wade_wilson,2678.95
tony_stark,2637.00
frank_white,2539.97
charlie_brown,2525.32
root@ad2e6717b5d5:/backup# cat /backup/backup_verification.txt; tmux wait -S done
BACKUP VERIFICATION
===================
Backup Date: 2025-09-28 03:00:00
Tables Backed Up: 2
Total Rows: 130
Integrity Check: PASSED
root@ad2e6717b5d5:/backup# wc -l /backup/clean_users.csv /backup/valid_transactions.json /backup/top_users.csv; tmux wait -S done
   31 /backup/clean_users.csv
  702 /backup/valid_transactions.json
   11 /backup/top_users.csv
  744 total
root@ad2e6717b5d5:/backup# head -3 /backup/clean_users.csv; tmux wait -S done
user_id,username,email,created_at,status
1,alice_smith,alice_smith@example.com,2024-11-21 01:25:46,inactive
2,bob_jones,bob_jones@example.com,2025-06-28 01:25:46,active
root@ad2e6717b5d5:/backup# tail -3 /backup/valid_transactions.json; tmux wait -S done
    "description": "Subscription"
  }
]
root@ad2e6717b5d5:/backup# echo 'RECOVERY_SUCCESSFUL' > /backup/recovery_complete.txt; tmux wait -S done
root@ad2e6717b5d5:/backup# ls -la /backup/*.txt /backup/*.csv /backup/*.json 2>/dev/null | grep -E '(clean_users|valid_transactions|db_stats|top_users|backup_ve
rification|recovery_complete)'; tmux wait -S done
-rw-r--r-- 1 root root   133 Dec  4 17:55 /backup/backup_verification.txt
-rw-r--r-- 1 root root  2052 Dec  4 17:55 /backup/clean_users.csv
-rw-r--r-- 1 root root   145 Dec  4 17:55 /backup/db_stats.txt
-rw-r--r-- 1 root root    20 Dec  4 17:56 /backup/recovery_complete.txt
-rw-r--r-- 1 root root   219 Dec  4 17:55 /backup/top_users.csv
-rw-r--r-- 1 root root 14573 Dec  4 17:55 /backup/valid_transactions.json
root@ad2e6717b5d5:/backup# cat /backup/recovery_complete.txt; tmux wait -S done
RECOVERY_SUCCESSFUL
root@ad2e6717b5d5:/backup# su - postgres -c "psql -d production_db -c 'SELECT COUNT(*) as user_count FROM users; SELECT COUNT(*) as txn_count FROM transactions;
'"; tmux wait -S done
 user_count
------------
         30
(1 row)

 txn_count
-----------
       100
(1 row)

root@ad2e6717b5d5:/backup# for file in /backup/clean_users.csv /backup/valid_transactions.json /backup/db_stats.txt /backup/top_users.csv /backup/backup_verific
ation.txt /backup/recovery_complete.txt; do echo "Checking $file:"; tail -c 1 "$file" | od -An -tx1; done; tmux wait -S done
Checking /backup/clean_users.csv:
 0a
Checking /backup/valid_transactions.json:
 0a
Checking /backup/db_stats.txt:
 0a
Checking /backup/top_users.csv:
 0a
Checking /backup/backup_verification.txt:
 0a
Checking /backup/recovery_complete.txt:
 0a
root@ad2e6717b5d5:/backup# python3 -c "import json; json.load(open('/backup/valid_transactions.json')); print('valid_transactions.json is valid JSON')"; tmux wa
it -S done
valid_transactions.json is valid JSON
root@ad2e6717b5d5:/backup# head -1 /backup/top_users.csv && tail -1 /backup/top_users.csv; tmux wait -S done
username,total_amount
charlie_brown,2525.32
root@ad2e6717b5d5:/backup# echo 'All tasks completed successfully!'; tmux wait -S done
All tasks completed successfully!
root@ad2e6717b5d5:/backup#
