root@4fba2045470e:/backup# ls -la /backup/; tmux wait -S done
total 40
drwxr-xr-x 1 root root  4096 Dec  4 16:59 .
drwxr-xr-x 1 root root  4096 Dec  4 17:41 ..
-rw-r--r-- 1 root root   945 Dec  4 16:54 backup_metadata.log
-rw-r--r-- 1 root root   718 Dec  4 16:54 database.sql
-rw-r--r-- 1 root root   703 Dec  4 16:54 postgresql.conf
-rw-r--r-- 1 root root 15425 Dec  4 16:54 transactions_backup.json
-rw-r--r-- 1 root root  2351 Dec  4 16:54 users_export.csv
root@4fba2045470e:/backup# service postgresql start; tmux wait -S done
 * Starting PostgreSQL 16 database server                                                                                                                [ OK ]
root@4fba2045470e:/backup# head -20 /backup/database.sql; tmux wait -S done
-- PostgreSQL database dump
-- This dump contains the schema and some sample data
-- Note: Some statements may have errors that need to be fixed

-- Create users table
CREATE TABLE IF NOT EXISTS users (
    user_id INTEGER PRIMARY KEY,
    username VARCHAR(100) NOT NULL,
    email VARCHAR(255) NOT NULL,
    created_at TIMESTAMP,
    status VARCHAR(20)
);

-- Create transactions table
CREATE TABLE IF NOT EXISTS transactions (
    transaction_id INTEGER PRIMARY KEY,
    user_id INTEGER,
    amount DECIMAL(10,2),
    timestamp TIMESTAMP,
    description TEXT,
root@4fba2045470e:/backup# head -20 /backup/users_export.csv; tmux wait -S done
user_id,username,email,created_at,status
1,alice_smith,alice_smith@example.com,2024-11-21 01:25:46,inactive
2,bob_jones,bob_jones@example.com,2025-06-28 01:25:46,active
3,charlie_brown,charlie_brown@example.com,2025-08-13 01:25:46,suspended
4,diana_prince,diana_prince@example.com,2025-08-05 01:25:46,inactive
5,eve_adams,eve_adams@example.com,2025-09-08 01:25:46,inactive
6,frank_white,frank_white@example.com,2025-09-04 01:25:46,active
7,grace_lee,grace_lee@example.com,2025-06-05 01:25:46,active
8,henry_ford,henry_ford@example.com,2025-07-25 01:25:46,inactive
9,iris_west,iris_west@example.com,2025-03-23 01:25:46,suspended
10,jack_ryan,jack_ryan@example.com,2024-10-19 01:25:46,inactive
11,kate_mills,kate_mills@example.com,2025-06-27 01:25:46,active
12,leo_king,leo_king@example.com,2024-12-21 01:25:46,inactive
13,mary_jane,mary_jane@example.com,2025-10-03 01:25:46,suspended
14,nick_fury,nick_fury@example.com,2025-04-03 01:25:46,suspended
15,olivia_pope,olivia_pope@example.com,2025-06-01 01:25:46,active
16,peter_parker,peter_parker@example.com,2025-01-02 01:25:46,inactive
17,quinn_baker,quinn_baker@example.com,2025-01-22 01:25:46,suspended
18,rachel_green,rachel_green@example.com,2025-04-01 01:25:46,inactive
19,steve_rogers,steve_rogers@example.com,2025-06-28 01:25:46,active
root@4fba2045470e:/backup# head -20 /backup/transactions_backup.json; tmux wait -S done
[
  {
    "transaction_id": 1,
    "user_id": 16,
    "amount": 46.0,
    "timestamp": "2025-07-16 01:25:56",
    "description": "Subscription"
  },
  {
    "transaction_id": 2,
    "user_id": 6,
    "amount": 646.05,
    "timestamp": "2025-05-02 01:25:56",
    "description": "Payment"
  },
  {
    "transaction_id": 3,
    "user_id": 29,
    "amount": 186.76,
    "timestamp": "2025-07-30 01:25:56",
root@4fba2045470e:/backup# cat /backup/backup_metadata.log; tmux wait -S done
[2025-09-28 03:00:00] INFO: Starting database backup process
[2025-09-28 03:00:01] INFO: Backup initiated by: admin
[2025-09-28 03:00:01] INFO: Backup type: Full
[2025-09-28 03:00:02] INFO: Connecting to database: production_db
[2025-09-28 03:00:03] INFO: Connection successful
[2025-09-28 03:00:05] INFO: Backing up table: users
[2025-09-28 03:00:06] INFO: Table 'users' backed up successfully - 30 rows
[2025-09-28 03:00:07] INFO: Backing up table: transactions
[2025-09-28 03:00:09] INFO: Table 'transactions' backed up successfully - 100 rows
[2025-09-28 03:00:10] INFO: Total tables backed up: 2
[2025-09-28 03:00:10] INFO: Total rows backed up: 130
[2025-09-28 03:00:11] INFO: Running integrity check
[2025-09-28 03:00:12] INFO: Integrity check: PASSED
[2025-09-28 03:00:13] INFO: Backup completed successfully
[2025-09-28 03:00:13] INFO: Backup file: /backup/database.sql
[2025-09-28 03:00:13] INFO: Backup timestamp: 2025-09-28 03:00:00
root@4fba2045470e:/backup# psql -U postgres -c 'CREATE DATABASE production_db;'; tmux wait -S done
psql: error: connection to server on socket "/var/run/postgresql/.s.PGSQL.5432" failed: FATAL:  Peer authentication failed for user "postgres"
root@4fba2045470e:/backup# psql -U postgres -d production_db -f /backup/database.sql; tmux wait -S done
psql: error: connection to server on socket "/var/run/postgresql/.s.PGSQL.5432" failed: FATAL:  Peer authentication failed for user "postgres"
root@4fba2045470e:/backup# psql -U postgres -d production_db -c '\dt'; tmux wait -S done
psql: error: connection to server on socket "/var/run/postgresql/.s.PGSQL.5432" failed: FATAL:  Peer authentication failed for user "postgres"
root@4fba2045470e:/backup# su - postgres -c "psql -c 'CREATE DATABASE production_db;'"; tmux wait -S done
CREATE DATABASE
root@4fba2045470e:/backup# su - postgres -c "psql -d production_db -f /backup/database.sql"; tmux wait -S done
CREATE TABLE
CREATE TABLE
root@4fba2045470e:/backup# su - postgres -c "psql -d production_db -c '\dt'"; tmux wait -S done
            List of relations
 Schema |     Name     | Type  |  Owner
--------+--------------+-------+----------
 public | transactions | table | postgres
 public | users        | table | postgres
(2 rows)

root@4fba2045470e:/backup# su - postgres -c "psql -d production_db -c '\d users'"; tmux wait -S done
                           Table "public.users"
   Column   |            Type             | Collation | Nullable | Default
------------+-----------------------------+-----------+----------+---------
 user_id    | integer                     |           | not null |
 username   | character varying(100)      |           | not null |
 email      | character varying(255)      |           | not null |
 created_at | timestamp without time zone |           |          |
 status     | character varying(20)       |           |          |
Indexes:
    "users_pkey" PRIMARY KEY, btree (user_id)
Referenced by:
    TABLE "transactions" CONSTRAINT "transactions_user_id_fkey" FOREIGN KEY (user_id) REFERENCES users(user_id)

root@4fba2045470e:/backup# su - postgres -c "psql -d production_db -c '\d transactions'"; tmux wait -S done
                          Table "public.transactions"
     Column     |            Type             | Collation | Nullable | Default
----------------+-----------------------------+-----------+----------+---------
 transaction_id | integer                     |           | not null |
 user_id        | integer                     |           |          |
 amount         | numeric(10,2)               |           |          |
 timestamp      | timestamp without time zone |           |          |
 description    | text                        |           |          |
Indexes:
    "transactions_pkey" PRIMARY KEY, btree (transaction_id)
Foreign-key constraints:
    "transactions_user_id_fkey" FOREIGN KEY (user_id) REFERENCES users(user_id)

root@4fba2045470e:/backup# wc -l /backup/users_export.csv; tmux wait -S done
37 /backup/users_export.csv
root@4fba2045470e:/backup# python3 -c "import json; data=open('/backup/transactions_backup.json').read(); print(f'Total transactions: {len(json.loads(data))}')"
; tmux wait -S done
Total transactions: 106
root@4fba2045470e:/backup# cat > /tmp/clean_users.py << 'EOF'
> import csv
> import re
>
> # Valid status values
> valid_statuses = {'active', 'inactive', 'suspended'}
>
> # Email validation regex
> email_pattern = re.compile(r'.+@.+')
>
> clean_rows = []
>
> with open('/backup/users_export.csv', 'r') as f:
>     reader = csv.DictReader(f)
>     header = reader.fieldnames
>
>     for row in reader:
>         # Check if user_id exists and is not empty
>         if not row.get('user_id') or not row['user_id'].strip():
>             continue
>
>         # Check if username exists and is not empty
>         if not row.get('username') or not row['username'].strip():
>             continue
>
>         # Check if email exists and contains @
>         if not row.get('email') or not email_pattern.match(row['email']):
>             continue
>
>         # Check if status is valid
>         if not row.get('status') or row['status'].strip() not in valid_statuses:
>             continue
>
>         clean_rows.append(row)
>
> # Write cleaned data
> with open('/backup/clean_users.csv', 'w', newline='') as f:
>     writer = csv.DictWriter(f, fieldnames=header)
>     writer.writeheader()
>     writer.writerows(clean_rows)
>
> print(f'Cleaned {len(clean_rows)} valid users out of original data')
> EOF
root@4fba2045470e:/backup# python3 /tmp/clean_users.py; tmux wait -S done
Cleaned 30 valid users out of original data
root@4fba2045470e:/backup# head -10 /backup/clean_users.csv; tmux wait -S done
user_id,username,email,created_at,status
1,alice_smith,alice_smith@example.com,2024-11-21 01:25:46,inactive
2,bob_jones,bob_jones@example.com,2025-06-28 01:25:46,active
3,charlie_brown,charlie_brown@example.com,2025-08-13 01:25:46,suspended
4,diana_prince,diana_prince@example.com,2025-08-05 01:25:46,inactive
5,eve_adams,eve_adams@example.com,2025-09-08 01:25:46,inactive
6,frank_white,frank_white@example.com,2025-09-04 01:25:46,active
7,grace_lee,grace_lee@example.com,2025-06-05 01:25:46,active
8,henry_ford,henry_ford@example.com,2025-07-25 01:25:46,inactive
9,iris_west,iris_west@example.com,2025-03-23 01:25:46,suspended
root@4fba2045470e:/backup# wc -l /backup/clean_users.csv; tmux wait -S done
31 /backup/clean_users.csv
root@4fba2045470e:/backup# cat > /tmp/clean_transactions.py << 'EOF'
> import json
>
> # Load transactions
> with open('/backup/transactions_backup.json', 'r') as f:
>     transactions = json.load(f)
>
> valid_transactions = []
>
> for tx in transactions:
>     # Check transaction_id is not null
>     if tx.get('transaction_id') is None:
>         continue
>
>     # Check amount is not null and is positive
>     if tx.get('amount') is None or tx['amount'] <= 0:
>         continue
>
>     # Check timestamp exists
>     if not tx.get('timestamp'):
>         continue
>
>     # Check user_id is valid (1-30)
>     if tx.get('user_id') is None or tx['user_id'] < 1 or tx['user_id'] > 30:
>         continue
>
>     valid_transactions.append(tx)
>
> # Write valid transactions
> with open('/backup/valid_transactions.json', 'w') as f:
>     json.dump(valid_transactions, f, indent=2)
>     f.write('\n')
>
> print(f'Cleaned {len(valid_transactions)} valid transactions out of {len(transactions)} total')
> EOF
root@4fba2045470e:/backup# python3 /tmp/clean_transactions.py; tmux wait -S done
Traceback (most recent call last):
  File "/tmp/clean_transactions.py", line 15, in <module>
    if tx.get('amount') is None or tx['amount'] <= 0:
                                   ^^^^^^^^^^^^^^^^^
TypeError: '<=' not supported between instances of 'str' and 'int'
root@4fba2045470e:/backup# head -30 /backup/valid_transactions.json; tmux wait -S done
head: cannot open '/backup/valid_transactions.json' for reading: No such file or directory
root@4fba2045470e:/backup# python3 -c "import json; data=json.load(open('/backup/valid_transactions.json')); print(f'Valid transactions: {len(data)}')"; tmux wa
it -S done
Traceback (most recent call last):
  File "<string>", line 1, in <module>
FileNotFoundError: [Errno 2] No such file or directory: '/backup/valid_transactions.json'
root@4fba2045470e:/backup# cat > /tmp/clean_transactions.py << 'EOF'
> import json
>
> # Load transactions
> with open('/backup/transactions_backup.json', 'r') as f:
>     transactions = json.load(f)
>
> valid_transactions = []
>
> for tx in transactions:
>     # Check transaction_id is not null
>     if tx.get('transaction_id') is None:
>         continue
>
>     # Check amount is not null and is positive
>     amount = tx.get('amount')
>     if amount is None:
>         continue
>
>     # Try to convert amount to float and check if positive
>     try:
>         amount_val = float(amount)
>         if amount_val <= 0:
>             continue
>     except (ValueError, TypeError):
>         continue
>
>     # Check timestamp exists
>     if not tx.get('timestamp'):
>         continue
>
>     # Check user_id is valid (1-30)
>     user_id = tx.get('user_id')
>     if user_id is None:
>         continue
>
>     try:
>         user_id_val = int(user_id)
>         if user_id_val < 1 or user_id_val > 30:
>             continue
>     except (ValueError, TypeError):
>         continue
>
>     valid_transactions.append(tx)
>
> # Write valid transactions
> with open('/backup/valid_transactions.json', 'w') as f:
>     json.dump(valid_transactions, f, indent=2)
>     f.write('\n')
>
> print(f'Cleaned {len(valid_transactions)} valid transactions out of {len(transactions)} total')
> EOF
root@4fba2045470e:/backup# python3 /tmp/clean_transactions.py; tmux wait -S done
Cleaned 100 valid transactions out of 106 total
root@4fba2045470e:/backup# python3 -c "import json; data=json.load(open('/backup/valid_transactions.json')); print(f'Valid transactions: {len(data)}')"; tmux wa
it -S done
Valid transactions: 100
root@4fba2045470e:/backup# head -30 /backup/valid_transactions.json; tmux wait -S done
[
  {
    "transaction_id": 1,
    "user_id": 16,
    "amount": 46.0,
    "timestamp": "2025-07-16 01:25:56",
    "description": "Subscription"
  },
  {
    "transaction_id": 2,
    "user_id": 6,
    "amount": 646.05,
    "timestamp": "2025-05-02 01:25:56",
    "description": "Payment"
  },
  {
    "transaction_id": 3,
    "user_id": 29,
    "amount": 186.76,
    "timestamp": "2025-07-30 01:25:56",
    "description": "Payment"
  },
  {
    "transaction_id": 4,
    "user_id": 10,
    "amount": 757.37,
    "timestamp": "2025-09-03 01:25:56",
    "description": "Deposit"
  },
  {
root@4fba2045470e:/backup# cat > /tmp/import_data.py << 'EOF'
> import psycopg2
> import csv
> import json
>
> # Connect to database
> conn = psycopg2.connect(
>     dbname='production_db',
>     user='postgres',
>     host='/var/run/postgresql'
> )
> cur = conn.cursor()
>
> # Import users
> with open('/backup/clean_users.csv', 'r') as f:
>     reader = csv.DictReader(f)
>     for row in reader:
>         cur.execute(
>             "INSERT INTO users (user_id, username, email, created_at, status) VALUES (%s, %s, %s, %s, %s)",
>             (row['user_id'], row['username'], row['email'], row['created_at'], row['status'])
>         )
>
> print(f"Imported {cur.rowcount} users")
>
> # Import transactions
> with open('/backup/valid_transactions.json', 'r') as f:
>     transactions = json.load(f)
>     for tx in transactions:
>         cur.execute(
>             "INSERT INTO transactions (transaction_id, user_id, amount, timestamp, description) VALUES (%s, %s, %s, %s, %s)",
>             (tx['transaction_id'], tx['user_id'], tx['amount'], tx['timestamp'], tx['description'])
>         )
>
> print(f"Imported {len(transactions)} transactions")
>
> conn.commit()
> cur.close()
> conn.close()
>
> print("Data import completed successfully")
> EOF
root@4fba2045470e:/backup# su - postgres -c "cd /backup && python3 /tmp/import_data.py"; tmux wait -S done
Traceback (most recent call last):
  File "/tmp/import_data.py", line 1, in <module>
    import psycopg2
ModuleNotFoundError: No module named 'psycopg2'
root@4fba2045470e:/backup# su - postgres -c "psql -d production_db -c 'SELECT COUNT(*) FROM users;'"; tmux wait -S done
 count
-------
     0
(1 row)

root@4fba2045470e:/backup# su - postgres -c "psql -d production_db -c 'SELECT COUNT(*) FROM transactions;'"; tmux wait -S done
 count
-------
     0
(1 row)

root@4fba2045470e:/backup# cat > /tmp/import_users.py << 'EOF'
> import csv
>
> # Generate SQL INSERT statements for users
> with open('/backup/clean_users.csv', 'r') as f:
>     reader = csv.DictReader(f)
>     with open('/tmp/users_import.sql', 'w') as out:
>         for row in reader:
>             sql = f"INSERT INTO users (user_id, username, email, created_at, status) VALUES ({row['user_id']}, '{row['username']}', '{row['email']}', '{row['c
reated_at']}', '{row['status']}');\n"
>             out.write(sql)
>
> print("Generated users import SQL")
> EOF
root@4fba2045470e:/backup# python3 /tmp/import_users.py; tmux wait -S done
Generated users import SQL
root@4fba2045470e:/backup# cat > /tmp/import_transactions.py << 'EOF'
> import json
>
> # Generate SQL INSERT statements for transactions
> with open('/backup/valid_transactions.json', 'r') as f:
>     transactions = json.load(f)
>     with open('/tmp/transactions_import.sql', 'w') as out:
>         for tx in transactions:
>             desc = tx['description'].replace("'", "''")
>             sql = f"INSERT INTO transactions (transaction_id, user_id, amount, timestamp, description) VALUES ({tx['transaction_id']}, {tx['user_id']}, {tx['a
mount']}, '{tx['timestamp']}', '{desc}');\n"
>             out.write(sql)
>
> print(f"Generated {len(transactions)} transaction import SQL statements")
> EOF
root@4fba2045470e:/backup# python3 /tmp/import_transactions.py; tmux wait -S done
Generated 100 transaction import SQL statements
root@4fba2045470e:/backup# su - postgres -c "psql -d production_db -f /tmp/users_import.sql"; tmux wait -S done
INSERT 0 1
INSERT 0 1
INSERT 0 1
INSERT 0 1
INSERT 0 1
INSERT 0 1
INSERT 0 1
INSERT 0 1
INSERT 0 1
INSERT 0 1
INSERT 0 1
INSERT 0 1
INSERT 0 1
INSERT 0 1
INSERT 0 1
INSERT 0 1
INSERT 0 1
INSERT 0 1
INSERT 0 1
INSERT 0 1
INSERT 0 1
INSERT 0 1
INSERT 0 1
INSERT 0 1
INSERT 0 1
INSERT 0 1
INSERT 0 1
INSERT 0 1
INSERT 0 1
INSERT 0 1
root@4fba2045470e:/backup# su - postgres -c "psql -d production_db -f /tmp/transactions_import.sql"; tmux wait -S done
INSERT 0 1
INSERT 0 1
INSERT 0 1
INSERT 0 1
INSERT 0 1
INSERT 0 1
INSERT 0 1
INSERT 0 1
INSERT 0 1
INSERT 0 1
INSERT 0 1
INSERT 0 1
INSERT 0 1
INSERT 0 1
INSERT 0 1
INSERT 0 1
INSERT 0 1
INSERT 0 1
INSERT 0 1
INSERT 0 1
INSERT 0 1
INSERT 0 1
INSERT 0 1
INSERT 0 1
INSERT 0 1
INSERT 0 1
INSERT 0 1
INSERT 0 1
INSERT 0 1
INSERT 0 1
INSERT 0 1
INSERT 0 1
INSERT 0 1
INSERT 0 1
INSERT 0 1
INSERT 0 1
INSERT 0 1
INSERT 0 1
INSERT 0 1
INSERT 0 1
INSERT 0 1
INSERT 0 1
INSERT 0 1
INSERT 0 1
INSERT 0 1
INSERT 0 1
INSERT 0 1
INSERT 0 1
INSERT 0 1
INSERT 0 1
INSERT 0 1
INSERT 0 1
INSERT 0 1
INSERT 0 1
INSERT 0 1
INSERT 0 1
INSERT 0 1
INSERT 0 1
INSERT 0 1
INSERT 0 1
INSERT 0 1
INSERT 0 1
INSERT 0 1
INSERT 0 1
INSERT 0 1
INSERT 0 1
INSERT 0 1
INSERT 0 1
INSERT 0 1
INSERT 0 1
INSERT 0 1
INSERT 0 1
INSERT 0 1
INSERT 0 1
INSERT 0 1
INSERT 0 1
INSERT 0 1
INSERT 0 1
INSERT 0 1
INSERT 0 1
INSERT 0 1
INSERT 0 1
INSERT 0 1
INSERT 0 1
INSERT 0 1
INSERT 0 1
INSERT 0 1
INSERT 0 1
INSERT 0 1
INSERT 0 1
INSERT 0 1
INSERT 0 1
INSERT 0 1
INSERT 0 1
INSERT 0 1
INSERT 0 1
INSERT 0 1
INSERT 0 1
INSERT 0 1
INSERT 0 1
root@4fba2045470e:/backup# su - postgres -c "psql -d production_db -c 'SELECT COUNT(*) FROM users;'"; tmux wait -S done
 count
-------
    30
(1 row)

root@4fba2045470e:/backup# su - postgres -c "psql -d production_db -c 'SELECT COUNT(*) FROM transactions;'"; tmux wait -S done
 count
-------
   100
(1 row)

root@4fba2045470e:/backup# su - postgres -c "psql -d production_db -c 'SELECT COUNT(*) as active_users FROM users WHERE status = '\''active'\'';'"; tmux wait -S
 done
 active_users
--------------
           13
(1 row)

root@4fba2045470e:/backup# cat > /tmp/generate_reports.py << 'EOF'
> import subprocess
> import json
>
> # Function to run psql query
> def run_query(query):
>     result = subprocess.run(
>         ['su', '-', 'postgres', '-c', f"psql -d production_db -t -A -c '{query}'"],
>         capture_output=True, text=True
>     )
>     return result.stdout.strip()
>
> # Generate db_stats.txt
> total_users = run_query('SELECT COUNT(*) FROM users;')
> active_users = run_query("SELECT COUNT(*) FROM users WHERE status = 'active';")
> total_transactions = run_query('SELECT COUNT(*) FROM transactions;')
> total_amount = run_query('SELECT ROUND(SUM(amount), 2) FROM transactions;')
> avg_per_user = run_query('SELECT ROUND(SUM(amount) / COUNT(DISTINCT user_id), 2) FROM transactions;')
>
> with open('/backup/db_stats.txt', 'w') as f:
>     f.write('DATABASE STATISTICS\n')
>     f.write('==================\n')
>     f.write(f'Total Users: {total_users}\n')
>     f.write(f'Active Users: {active_users}\n')
>     f.write(f'Total Transactions: {total_transactions}\n')
>     f.write(f'Total Amount: {total_amount}\n')
>     f.write(f'Average per User: {avg_per_user}\n')
>
> print('Generated db_stats.txt')
>
> # Generate top_users.csv
> top_users_query = '''
> SELECT u.username, ROUND(SUM(t.amount), 2) as total_amount
> FROM users u
> JOIN transactions t ON u.user_id = t.user_id
> GROUP BY u.username
> ORDER BY total_amount DESC, u.username ASC
> LIMIT 10;
> '''
>
> result = subprocess.run(
>     ['su', '-', 'postgres', '-c', f"psql -d production_db -t -A -F',' -c \"{top_users_query}\""],
>     capture_output=True, text=True
> )
>
> with open('/backup/top_users.csv', 'w') as f:
>     f.write('username,total_amount\n')
>     f.write(result.stdout)
>
> print('Generated top_users.csv')
> EOF
root@4fba2045470e:/backup# python3 /tmp/generate_reports.py; tmux wait -S done
Generated db_stats.txt
Generated top_users.csv
root@4fba2045470e:/backup# cat /backup/db_stats.txt; tmux wait -S done
DATABASE STATISTICS
==================
Total Users: 30
Active Users:
Total Transactions: 100
Total Amount: 53109.46
Average per User: 1770.32
root@4fba2045470e:/backup# cat /backup/top_users.csv; tmux wait -S done
username,total_amount
zara_ahmed,4400.17
alice_smith,3682.87
victor_von,3451.21
donna_noble,3225.49
xavier_prof,2990.51
nick_fury,2709.20
wade_wilson,2678.95
tony_stark,2637.00
frank_white,2539.97
charlie_brown,2525.32
root@4fba2045470e:/backup# su - postgres -c "psql -d production_db -t -A -c \"SELECT COUNT(*) FROM users WHERE status = 'active';\""; tmux wait -S done
13
root@4fba2045470e:/backup# cat > /tmp/fix_reports.py << 'EOF'
> import subprocess
>
> # Fix db_stats.txt with correct active users count
> def run_query(query):
>     result = subprocess.run(
>         ['su', '-', 'postgres', '-c', f'psql -d production_db -t -A -c "{query}"'],
>         capture_output=True, text=True
>     )
>     return result.stdout.strip()
>
> total_users = run_query('SELECT COUNT(*) FROM users;')
> active_users = run_query("SELECT COUNT(*) FROM users WHERE status = 'active';")
> total_transactions = run_query('SELECT COUNT(*) FROM transactions;')
> total_amount = run_query('SELECT ROUND(SUM(amount), 2) FROM transactions;')
> avg_per_user = run_query('SELECT ROUND(SUM(amount) / COUNT(DISTINCT user_id), 2) FROM transactions;')
>
> with open('/backup/db_stats.txt', 'w') as f:
>     f.write('DATABASE STATISTICS\n')
>     f.write('==================\n')
>     f.write(f'Total Users: {total_users}\n')
>     f.write(f'Active Users: {active_users}\n')
>     f.write(f'Total Transactions: {total_transactions}\n')
>     f.write(f'Total Amount: {total_amount}\n')
>     f.write(f'Average per User: {avg_per_user}\n')
>
> print('Fixed db_stats.txt')
> EOF
root@4fba2045470e:/backup# python3 /tmp/fix_reports.py; tmux wait -S done
Fixed db_stats.txt
root@4fba2045470e:/backup# cat /backup/db_stats.txt; tmux wait -S done
DATABASE STATISTICS
==================
Total Users: 30
Active Users: 13
Total Transactions: 100
Total Amount: 53109.46
Average per User: 1770.32
root@4fba2045470e:/backup# cat > /tmp/backup_verification.py << 'EOF'
> # Parse backup_metadata.log and create backup_verification.txt
> with open('/backup/backup_metadata.log', 'r') as f:
>     lines = f.readlines()
>
> backup_date = ''
> tables_backed_up = ''
> total_rows = ''
> integrity_check = ''
>
> for line in lines:
>     if 'Backup timestamp:' in line:
>         backup_date = line.split('Backup timestamp:')[1].strip()
>     elif 'Total tables backed up:' in line:
>         tables_backed_up = line.split('Total tables backed up:')[1].strip()
>     elif 'Total rows backed up:' in line:
>         total_rows = line.split('Total rows backed up:')[1].strip()
>     elif 'Integrity check:' in line:
>         integrity_check = line.split('Integrity check:')[1].strip()
>
> with open('/backup/backup_verification.txt', 'w') as f:
>     f.write('BACKUP VERIFICATION\n')
>     f.write('===================\n')
>     f.write(f'Backup Date: {backup_date}\n')
>     f.write(f'Tables Backed Up: {tables_backed_up}\n')
>     f.write(f'Total Rows: {total_rows}\n')
>     f.write(f'Integrity Check: {integrity_check}\n')
>
> print('Generated backup_verification.txt')
> EOF
root@4fba2045470e:/backup# python3 /tmp/backup_verification.py; tmux wait -S done
Generated backup_verification.txt
root@4fba2045470e:/backup# cat /backup/backup_verification.txt; tmux wait -S done
BACKUP VERIFICATION
===================
Backup Date: 2025-09-28 03:00:00
Tables Backed Up: 2
Total Rows: 130
Integrity Check: PASSED
root@4fba2045470e:/backup# echo 'RECOVERY_SUCCESSFUL' > /backup/recovery_complete.txt; tmux wait -S done
root@4fba2045470e:/backup# ls -la /backup/*.txt /backup/*.csv /backup/*.json; tmux wait -S done
-rw-r--r-- 1 root root   133 Dec  4 17:44 /backup/backup_verification.txt
-rw-r--r-- 1 root root  2052 Dec  4 17:42 /backup/clean_users.csv
-rw-r--r-- 1 root root   145 Dec  4 17:44 /backup/db_stats.txt
-rw-r--r-- 1 root root    20 Dec  4 17:44 /backup/recovery_complete.txt
-rw-r--r-- 1 root root   219 Dec  4 17:44 /backup/top_users.csv
-rw-r--r-- 1 root root 15425 Dec  4 16:54 /backup/transactions_backup.json
-rw-r--r-- 1 root root  2351 Dec  4 16:54 /backup/users_export.csv
-rw-r--r-- 1 root root 14573 Dec  4 17:43 /backup/valid_transactions.json
root@4fba2045470e:/backup# tail -c 20 /backup/clean_users.csv | od -c; tmux wait -S done
0000000   2   2       0   1   :   2   5   :   4   6   ,   a   c   t   i
0000020   v   e  \r  \n
0000024
root@4fba2045470e:/backup# tail -c 20 /backup/valid_transactions.json | od -c; tmux wait -S done
0000000   S   u   b   s   c   r   i   p   t   i   o   n   "  \n
0000020   }  \n   ]  \n
0000024
root@4fba2045470e:/backup# tail -c 20 /backup/db_stats.txt | od -c; tmux wait -S done
0000000   e       p   e   r       U   s   e   r   :       1   7   7   0
0000020   .   3   2  \n
0000024
root@4fba2045470e:/backup# tail -c 20 /backup/top_users.csv | od -c; tmux wait -S done
0000000   a   r   l   i   e   _   b   r   o   w   n   ,   2   5   2   5
0000020   .   3   2  \n
0000024
root@4fba2045470e:/backup# tail -c 20 /backup/backup_verification.txt | od -c; tmux wait -S done
0000000   g   r   i   t   y       C   h   e   c   k   :       P   A   S
0000020   S   E   D  \n
0000024
root@4fba2045470e:/backup# tail -c 20 /backup/recovery_complete.txt | od -c; tmux wait -S done
0000000   R   E   C   O   V   E   R   Y   _   S   U   C   C   E   S   S
0000020   F   U   L  \n
0000024
root@4fba2045470e:/backup# wc -l /backup/top_users.csv; tmux wait -S done
11 /backup/top_users.csv
root@4fba2045470e:/backup# su - postgres -c "psql -d production_db -c 'SELECT username, ROUND(SUM(amount), 2) as total FROM transactions t JOIN users u ON t.use
r_id = u.user_id GROUP BY username ORDER BY total DESC, username ASC LIMIT 10;'"; tmux wait -S done
   username    |  total
---------------+---------
 zara_ahmed    | 4400.17
 alice_smith   | 3682.87
 victor_von    | 3451.21
 donna_noble   | 3225.49
 xavier_prof   | 2990.51
 nick_fury     | 2709.20
 wade_wilson   | 2678.95
 tony_stark    | 2637.00
 frank_white   | 2539.97
 charlie_brown | 2525.32
(10 rows)

root@4fba2045470e:/backup# cat /backup/top_users.csv; tmux wait -S done
username,total_amount
zara_ahmed,4400.17
alice_smith,3682.87
victor_von,3451.21
donna_noble,3225.49
xavier_prof,2990.51
nick_fury,2709.20
wade_wilson,2678.95
tony_stark,2637.00
frank_white,2539.97
charlie_brown,2525.32
root@4fba2045470e:/backup# su - postgres -c "psql -d production_db -c 'SELECT COUNT(*) as users FROM users; SELECT COUNT(*) as transactions FROM transactions;'"
; tmux wait -S done
 users
-------
    30
(1 row)

 transactions
--------------
          100
(1 row)

root@4fba2045470e:/backup# ls -1 /backup/ | grep -E '(clean_users.csv|valid_transactions.json|db_stats.txt|top_users.csv|backup_verification.txt|recovery_comple
te.txt)'; tmux wait -S done
backup_verification.txt
clean_users.csv
db_stats.txt
recovery_complete.txt
top_users.csv
valid_transactions.json
root@4fba2045470e:/backup# echo 'All tasks completed successfully!'; tmux wait -S done
All tasks completed successfully!
root@4fba2045470e:/backup#
