root@2b0e848428bd:/backup# ls -la /backup/; tmux wait -S done
total 40
drwxr-xr-x 1 root root  4096 Dec  4 16:59 .
drwxr-xr-x 1 root root  4096 Dec  4 19:03 ..
-rw-r--r-- 1 root root   945 Dec  4 16:54 backup_metadata.log
-rw-r--r-- 1 root root   718 Dec  4 16:54 database.sql
-rw-r--r-- 1 root root   703 Dec  4 16:54 postgresql.conf
-rw-r--r-- 1 root root 15425 Dec  4 16:54 transactions_backup.json
-rw-r--r-- 1 root root  2351 Dec  4 16:54 users_export.csv
root@2b0e848428bd:/backup# service postgresql start; tmux wait -S done
 * Starting PostgreSQL 16 database server                                                                                                                [ OK ]
root@2b0e848428bd:/backup# head -20 /backup/database.sql; tmux wait -S done
-- PostgreSQL database dump
-- This dump contains the schema and some sample data
-- Note: Some statements may have errors that need to be fixed

-- Create users table
CREATE TABLE IF NOT EXISTS users (
    user_id INTEGER PRIMARY KEY,
    username VARCHAR(100) NOT NULL,
    email VARCHAR(255) NOT NULL,
    created_at TIMESTAMP,
    status VARCHAR(20)
);

-- Create transactions table
CREATE TABLE IF NOT EXISTS transactions (
    transaction_id INTEGER PRIMARY KEY,
    user_id INTEGER,
    amount DECIMAL(10,2),
    timestamp TIMESTAMP,
    description TEXT,
root@2b0e848428bd:/backup# head -20 /backup/users_export.csv; tmux wait -S done
user_id,username,email,created_at,status
1,alice_smith,alice_smith@example.com,2024-11-21 01:25:46,inactive
2,bob_jones,bob_jones@example.com,2025-06-28 01:25:46,active
3,charlie_brown,charlie_brown@example.com,2025-08-13 01:25:46,suspended
4,diana_prince,diana_prince@example.com,2025-08-05 01:25:46,inactive
5,eve_adams,eve_adams@example.com,2025-09-08 01:25:46,inactive
6,frank_white,frank_white@example.com,2025-09-04 01:25:46,active
7,grace_lee,grace_lee@example.com,2025-06-05 01:25:46,active
8,henry_ford,henry_ford@example.com,2025-07-25 01:25:46,inactive
9,iris_west,iris_west@example.com,2025-03-23 01:25:46,suspended
10,jack_ryan,jack_ryan@example.com,2024-10-19 01:25:46,inactive
11,kate_mills,kate_mills@example.com,2025-06-27 01:25:46,active
12,leo_king,leo_king@example.com,2024-12-21 01:25:46,inactive
13,mary_jane,mary_jane@example.com,2025-10-03 01:25:46,suspended
14,nick_fury,nick_fury@example.com,2025-04-03 01:25:46,suspended
15,olivia_pope,olivia_pope@example.com,2025-06-01 01:25:46,active
16,peter_parker,peter_parker@example.com,2025-01-02 01:25:46,inactive
17,quinn_baker,quinn_baker@example.com,2025-01-22 01:25:46,suspended
18,rachel_green,rachel_green@example.com,2025-04-01 01:25:46,inactive
19,steve_rogers,steve_rogers@example.com,2025-06-28 01:25:46,active
root@2b0e848428bd:/backup# head -20 /backup/transactions_backup.json; tmux wait -S done
[
  {
    "transaction_id": 1,
    "user_id": 16,
    "amount": 46.0,
    "timestamp": "2025-07-16 01:25:56",
    "description": "Subscription"
  },
  {
    "transaction_id": 2,
    "user_id": 6,
    "amount": 646.05,
    "timestamp": "2025-05-02 01:25:56",
    "description": "Payment"
  },
  {
    "transaction_id": 3,
    "user_id": 29,
    "amount": 186.76,
    "timestamp": "2025-07-30 01:25:56",
root@2b0e848428bd:/backup# cat /backup/backup_metadata.log; tmux wait -S done
[2025-09-28 03:00:00] INFO: Starting database backup process
[2025-09-28 03:00:01] INFO: Backup initiated by: admin
[2025-09-28 03:00:01] INFO: Backup type: Full
[2025-09-28 03:00:02] INFO: Connecting to database: production_db
[2025-09-28 03:00:03] INFO: Connection successful
[2025-09-28 03:00:05] INFO: Backing up table: users
[2025-09-28 03:00:06] INFO: Table 'users' backed up successfully - 30 rows
[2025-09-28 03:00:07] INFO: Backing up table: transactions
[2025-09-28 03:00:09] INFO: Table 'transactions' backed up successfully - 100 rows
[2025-09-28 03:00:10] INFO: Total tables backed up: 2
[2025-09-28 03:00:10] INFO: Total rows backed up: 130
[2025-09-28 03:00:11] INFO: Running integrity check
[2025-09-28 03:00:12] INFO: Integrity check: PASSED
[2025-09-28 03:00:13] INFO: Backup completed successfully
[2025-09-28 03:00:13] INFO: Backup file: /backup/database.sql
[2025-09-28 03:00:13] INFO: Backup timestamp: 2025-09-28 03:00:00
root@2b0e848428bd:/backup# psql -U postgres -c 'CREATE DATABASE production_db;'; tmux wait -S done
psql: error: connection to server on socket "/var/run/postgresql/.s.PGSQL.5432" failed: FATAL:  Peer authentication failed for user "postgres"
root@2b0e848428bd:/backup# psql -U postgres -d production_db -f /backup/database.sql; tmux wait -S done
psql: error: connection to server on socket "/var/run/postgresql/.s.PGSQL.5432" failed: FATAL:  Peer authentication failed for user "postgres"
root@2b0e848428bd:/backup# psql -U postgres -d production_db -c '\dt'; tmux wait -S done
psql: error: connection to server on socket "/var/run/postgresql/.s.PGSQL.5432" failed: FATAL:  Peer authentication failed for user "postgres"
root@2b0e848428bd:/backup# wc -l /backup/users_export.csv; tmux wait -S done
37 /backup/users_export.csv
root@2b0e848428bd:/backup# cat /backup/users_export.csv; tmux wait -S done
user_id,username,email,created_at,status
1,alice_smith,alice_smith@example.com,2024-11-21 01:25:46,inactive
2,bob_jones,bob_jones@example.com,2025-06-28 01:25:46,active
3,charlie_brown,charlie_brown@example.com,2025-08-13 01:25:46,suspended
4,diana_prince,diana_prince@example.com,2025-08-05 01:25:46,inactive
5,eve_adams,eve_adams@example.com,2025-09-08 01:25:46,inactive
6,frank_white,frank_white@example.com,2025-09-04 01:25:46,active
7,grace_lee,grace_lee@example.com,2025-06-05 01:25:46,active
8,henry_ford,henry_ford@example.com,2025-07-25 01:25:46,inactive
9,iris_west,iris_west@example.com,2025-03-23 01:25:46,suspended
10,jack_ryan,jack_ryan@example.com,2024-10-19 01:25:46,inactive
11,kate_mills,kate_mills@example.com,2025-06-27 01:25:46,active
12,leo_king,leo_king@example.com,2024-12-21 01:25:46,inactive
13,mary_jane,mary_jane@example.com,2025-10-03 01:25:46,suspended
14,nick_fury,nick_fury@example.com,2025-04-03 01:25:46,suspended
15,olivia_pope,olivia_pope@example.com,2025-06-01 01:25:46,active
16,peter_parker,peter_parker@example.com,2025-01-02 01:25:46,inactive
17,quinn_baker,quinn_baker@example.com,2025-01-22 01:25:46,suspended
18,rachel_green,rachel_green@example.com,2025-04-01 01:25:46,inactive
19,steve_rogers,steve_rogers@example.com,2025-06-28 01:25:46,active
20,tony_stark,tony_stark@example.com,2025-07-18 01:25:46,suspended
21,uma_thurman,uma_thurman@example.com,2025-01-13 01:25:46,active
22,victor_von,victor_von@example.com,2024-10-17 01:25:46,active
23,wade_wilson,wade_wilson@example.com,2025-04-24 01:25:46,suspended
24,xavier_prof,xavier_prof@example.com,2025-09-27 01:25:46,inactive
25,yara_greyjoy,yara_greyjoy@example.com,2025-06-21 01:25:46,active
26,zara_ahmed,zara_ahmed@example.com,2025-09-19 01:25:46,active
27,alan_turing,alan_turing@example.com,2025-03-17 01:25:46,inactive
28,betty_white,betty_white@example.com,2024-10-09 01:25:46,active
29,clark_kent,clark_kent@example.com,2025-09-22 01:25:46,active
30,donna_noble,donna_noble@example.com,2024-11-22 01:25:46,active
,bad_user1,bad1@example.com,2024-01-01 10:00:00,active
31,bad_user2,bademail.com,2024-01-01 10:00:00,active
32,,bad3@example.com,2024-01-01 10:00:00,active
33,bad_user4,bad4@example.com,2024-01-01 10:00:00,deleted
34,bad_user5,,2024-01-01 10:00:00,active
,,noemail,2024-01-01 10:00:00,invalid
root@2b0e848428bd:/backup# python3 -c "import json; data = json.load(open('/backup/transactions_backup.json')); print(f'Total transactions: {len(data)}'); print
('Sample transactions:'); import pprint; pprint.pprint(data[:5]); print('...'); pprint.pprint(data[-5:])"; tmux wait -S done
Total transactions: 106
Sample transactions:
[{'amount': 46.0,
  'description': 'Subscription',
  'timestamp': '2025-07-16 01:25:56',
  'transaction_id': 1,
  'user_id': 16},
 {'amount': 646.05,
  'description': 'Payment',
  'timestamp': '2025-05-02 01:25:56',
  'transaction_id': 2,
  'user_id': 6},
 {'amount': 186.76,
  'description': 'Payment',
  'timestamp': '2025-07-30 01:25:56',
  'transaction_id': 3,
  'user_id': 29},
 {'amount': 757.37,
  'description': 'Deposit',
  'timestamp': '2025-09-03 01:25:56',
  'transaction_id': 4,
  'user_id': 10},
 {'amount': 366.3,
  'description': 'Refund',
  'timestamp': '2025-09-21 01:25:56',
  'transaction_id': 5,
  'user_id': 9}]
...
[{'amount': -50.0,
  'description': 'Invalid',
  'timestamp': '2024-01-01 10:00:00',
  'transaction_id': 101,
  'user_id': 10},
 {'amount': 200.0,
  'description': 'Invalid',
  'timestamp': None,
  'transaction_id': 102,
  'user_id': 15},
 {'amount': 150.0,
  'description': 'Invalid',
  'timestamp': '2024-01-01 10:00:00',
  'transaction_id': 103,
  'user_id': 999},
 {'amount': 0,
  'description': 'Invalid',
  'timestamp': '2024-01-01 10:00:00',
  'transaction_id': 104,
  'user_id': 8},
 {'amount': 'invalid',
  'description': 'Invalid',
  'timestamp': '2024-01-01 10:00:00',
  'transaction_id': 105,
  'user_id': 12}]
root@2b0e848428bd:/backup# cat > /tmp/clean_and_import.py << 'EOF'
> import csv
> import json
> import re
> import psycopg2
>
> # Clean users CSV
> valid_users = []
> with open('/backup/users_export.csv', 'r') as f:
>     reader = csv.DictReader(f)
>     for row in reader:
>         # Check for valid user_id
>         if not row.get('user_id') or not row['user_id'].strip():
>             continue
>         # Check for valid username
>         if not row.get('username') or not row['username'].strip():
>             continue
>         # Check for valid email (must contain @)
>         if not row.get('email') or '@' not in row['email']:
>             continue
>         # Check for valid status
>         if row.get('status') not in ['active', 'inactive', 'suspended']:
>             continue
>         valid_users.append(row)
>
> # Write cleaned users
> with open('/backup/clean_users.csv', 'w', newline='') as f:
>     writer = csv.DictWriter(f, fieldnames=['user_id', 'username', 'email', 'created_at', 'status'])
>     writer.writeheader()
>     writer.writerows(valid_users)
>
> print(f'Cleaned users: {len(valid_users)} valid rows')
>
> # Clean transactions JSON
> with open('/backup/transactions_backup.json', 'r') as f:
>     transactions = json.load(f)
>
> valid_transactions = []
> for txn in transactions:
>     # Check for null transaction_id
>     if txn.get('transaction_id') is None:
>         continue
>     # Check for null or negative amounts
>     if txn.get('amount') is None or txn['amount'] <= 0:
>         continue
>     # Check for missing timestamp
>     if not txn.get('timestamp'):
>         continue
>     # Check for valid user_id (1-30)
>     if txn.get('user_id') is None or txn['user_id'] < 1 or txn['user_id'] > 30:
>         continue
>     valid_transactions.append(txn)
>
> # Write valid transactions
> with open('/backup/valid_transactions.json', 'w') as f:
>     json.dump(valid_transactions, f, indent=2)
>     f.write('\n')
>
> print(f'Valid transactions: {len(valid_transactions)} valid records')
>
> # Connect to database and import data
> conn = psycopg2.connect(
>     dbname='production_db',
>     user='postgres',
>     host='localhost'
> )
> cur = conn.cursor()
>
> # Import users
> for user in valid_users:
>     cur.execute(
>         "INSERT INTO users (user_id, username, email, created_at, status) VALUES (%s, %s, %s, %s, %s)",
>         (user['user_id'], user['username'], user['email'], user['created_at'], user['status'])
>     )
>
> print(f'Imported {len(valid_users)} users into database')
>
> # Import transactions
> for txn in valid_transactions:
>     cur.execute(
>         "INSERT INTO transactions (transaction_id, user_id, amount, timestamp, description) VALUES (%s, %s, %s, %s, %s)",
>         (txn['transaction_id'], txn['user_id'], txn['amount'], txn['timestamp'], txn.get('description', ''))
>     )
>
> print(f'Imported {len(valid_transactions)} transactions into database')
>
> conn.commit()
> cur.close()
> conn.close()
>
> print('Data cleaning and import completed successfully')
> EOF
root@2b0e848428bd:/backup# python3 /tmp/clean_and_import.py; tmux wait -S done
Traceback (most recent call last):
  File "/tmp/clean_and_import.py", line 4, in <module>
    import psycopg2
ModuleNotFoundError: No module named 'psycopg2'
root@2b0e848428bd:/backup# ls -la /backup/*.csv /backup/*.json; tmux wait -S done
-rw-r--r-- 1 root root 15425 Dec  4 16:54 /backup/transactions_backup.json
-rw-r--r-- 1 root root  2351 Dec  4 16:54 /backup/users_export.csv
root@2b0e848428bd:/backup# head -5 /backup/clean_users.csv; tmux wait -S done
head: cannot open '/backup/clean_users.csv' for reading: No such file or directory
root@2b0e848428bd:/backup# wc -l /backup/clean_users.csv; tmux wait -S done
wc: /backup/clean_users.csv: No such file or directory
root@2b0e848428bd:/backup# psql -U postgres -d production_db -c 'SELECT COUNT(*) FROM users;'; tmux wait -S done
psql: error: connection to server on socket "/var/run/postgresql/.s.PGSQL.5432" failed: FATAL:  Peer authentication failed for user "postgres"
root@2b0e848428bd:/backup# psql -U postgres -d production_db -c 'SELECT COUNT(*) FROM transactions;'; tmux wait -S done
psql: error: connection to server on socket "/var/run/postgresql/.s.PGSQL.5432" failed: FATAL:  Peer authentication failed for user "postgres"
root@2b0e848428bd:/backup# cat > /tmp/clean_data.py << 'EOF'
> import csv
> import json
>
> # Clean users CSV
> valid_users = []
> with open('/backup/users_export.csv', 'r') as f:
>     reader = csv.DictReader(f)
>     for row in reader:
>         # Check for valid user_id
>         if not row.get('user_id') or not row['user_id'].strip():
>             continue
>         # Check for valid username
>         if not row.get('username') or not row['username'].strip():
>             continue
>         # Check for valid email (must contain @)
>         if not row.get('email') or '@' not in row['email']:
>             continue
>         # Check for valid status
>         if row.get('status') not in ['active', 'inactive', 'suspended']:
>             continue
>         valid_users.append(row)
>
> # Write cleaned users
> with open('/backup/clean_users.csv', 'w', newline='') as f:
>     writer = csv.DictWriter(f, fieldnames=['user_id', 'username', 'email', 'created_at', 'status'])
>     writer.writeheader()
>     writer.writerows(valid_users)
>
> print(f'Cleaned users: {len(valid_users)} valid rows')
>
> # Clean transactions JSON
> with open('/backup/transactions_backup.json', 'r') as f:
>     transactions = json.load(f)
>
> valid_transactions = []
> for txn in transactions:
>     # Check for null transaction_id
>     if txn.get('transaction_id') is None:
>         continue
>     # Check for null or negative amounts
>     if txn.get('amount') is None or txn['amount'] <= 0:
>         continue
>     # Check for missing timestamp
>     if not txn.get('timestamp'):
>         continue
>     # Check for valid user_id (1-30)
>     if txn.get('user_id') is None or txn['user_id'] < 1 or txn['user_id'] > 30:
>         continue
>     valid_transactions.append(txn)
>
> # Write valid transactions
> with open('/backup/valid_transactions.json', 'w') as f:
>     json.dump(valid_transactions, f, indent=2)
>     f.write('\n')
>
> print(f'Valid transactions: {len(valid_transactions)} valid records')
> EOF
root@2b0e848428bd:/backup# python3 /tmp/clean_data.py; tmux wait -S done
Cleaned users: 30 valid rows
Traceback (most recent call last):
  File "/tmp/clean_data.py", line 41, in <module>
    if txn.get('amount') is None or txn['amount'] <= 0:
                                    ^^^^^^^^^^^^^^^^^^
TypeError: '<=' not supported between instances of 'str' and 'int'
root@2b0e848428bd:/backup# wc -l /backup/clean_users.csv /backup/valid_transactions.json; tmux wait -S done
  31 /backup/clean_users.csv
wc: /backup/valid_transactions.json: No such file or directory
  31 total
root@2b0e848428bd:/backup# cat > /tmp/clean_transactions.py << 'EOF'
> import json
>
> # Clean transactions JSON
> with open('/backup/transactions_backup.json', 'r') as f:
>     transactions = json.load(f)
>
> valid_transactions = []
> for txn in transactions:
>     # Check for null transaction_id
>     if txn.get('transaction_id') is None:
>         continue
>
>     # Check for null or negative amounts
>     amount = txn.get('amount')
>     if amount is None:
>         continue
>
>     # Convert amount to float if it's a string
>     try:
>         amount_float = float(amount)
>         if amount_float <= 0:
>             continue
>     except (ValueError, TypeError):
>         continue
>
>     # Check for missing timestamp
>     if not txn.get('timestamp'):
>         continue
>
>     # Check for valid user_id (1-30)
>     user_id = txn.get('user_id')
>     if user_id is None:
>         continue
>
>     try:
>         user_id_int = int(user_id)
>         if user_id_int < 1 or user_id_int > 30:
>             continue
>     except (ValueError, TypeError):
>         continue
>
>     valid_transactions.append(txn)
>
> # Write valid transactions
> with open('/backup/valid_transactions.json', 'w') as f:
>     json.dump(valid_transactions, f, indent=2)
>     f.write('\n')
>
> print(f'Valid transactions: {len(valid_transactions)} valid records')
> EOF
root@2b0e848428bd:/backup# python3 /tmp/clean_transactions.py; tmux wait -S done
Valid transactions: 100 valid records
root@2b0e848428bd:/backup# ls -la /backup/clean_users.csv /backup/valid_transactions.json; tmux wait -S done
-rw-r--r-- 1 root root  2052 Dec  4 19:04 /backup/clean_users.csv
-rw-r--r-- 1 root root 14573 Dec  4 19:04 /backup/valid_transactions.json
root@2b0e848428bd:/backup# su - postgres -c "psql -d production_db -c '\\dt'"; tmux wait -S done
psql: error: connection to server on socket "/var/run/postgresql/.s.PGSQL.5432" failed: FATAL:  database "production_db" does not exist
root@2b0e848428bd:/backup# su - postgres -c "psql -d production_db -c 'SELECT COUNT(*) FROM users;'"; tmux wait -S done
psql: error: connection to server on socket "/var/run/postgresql/.s.PGSQL.5432" failed: FATAL:  database "production_db" does not exist
root@2b0e848428bd:/backup# su - postgres -c "psql -d production_db -c \"COPY users(user_id, username, email, created_at, status) FROM '/backup/clean_users.csv'
WITH (FORMAT csv, HEADER true);\""; tmux wait -S done
psql: error: connection to server on socket "/var/run/postgresql/.s.PGSQL.5432" failed: FATAL:  database "production_db" does not exist
root@2b0e848428bd:/backup# su - postgres -c "psql -d production_db -c 'SELECT COUNT(*) FROM users;'"; tmux wait -S done
psql: error: connection to server on socket "/var/run/postgresql/.s.PGSQL.5432" failed: FATAL:  database "production_db" does not exist
root@2b0e848428bd:/backup# su - postgres -c "psql -c 'CREATE DATABASE production_db;'"; tmux wait -S done
CREATE DATABASE
root@2b0e848428bd:/backup# su - postgres -c "psql -d production_db -f /backup/database.sql"; tmux wait -S done
CREATE TABLE
CREATE TABLE
root@2b0e848428bd:/backup# su - postgres -c "psql -d production_db -c '\\dt'"; tmux wait -S done
            List of relations
 Schema |     Name     | Type  |  Owner
--------+--------------+-------+----------
 public | transactions | table | postgres
 public | users        | table | postgres
(2 rows)

root@2b0e848428bd:/backup# su - postgres -c "psql -d production_db -c '\\d users'"; tmux wait -S done
                           Table "public.users"
   Column   |            Type             | Collation | Nullable | Default
------------+-----------------------------+-----------+----------+---------
 user_id    | integer                     |           | not null |
 username   | character varying(100)      |           | not null |
 email      | character varying(255)      |           | not null |
 created_at | timestamp without time zone |           |          |
 status     | character varying(20)       |           |          |
Indexes:
    "users_pkey" PRIMARY KEY, btree (user_id)
Referenced by:
    TABLE "transactions" CONSTRAINT "transactions_user_id_fkey" FOREIGN KEY (user_id) REFERENCES users(user_id)

root@2b0e848428bd:/backup# su - postgres -c "psql -d production_db -c '\\d transactions'"; tmux wait -S done
                          Table "public.transactions"
     Column     |            Type             | Collation | Nullable | Default
----------------+-----------------------------+-----------+----------+---------
 transaction_id | integer                     |           | not null |
 user_id        | integer                     |           |          |
 amount         | numeric(10,2)               |           |          |
 timestamp      | timestamp without time zone |           |          |
 description    | text                        |           |          |
Indexes:
    "transactions_pkey" PRIMARY KEY, btree (transaction_id)
Foreign-key constraints:
    "transactions_user_id_fkey" FOREIGN KEY (user_id) REFERENCES users(user_id)

root@2b0e848428bd:/backup# su - postgres -c "psql -d production_db -c \"COPY users(user_id, username, email, created_at, status) FROM '/backup/clean_users.csv'
WITH (FORMAT csv, HEADER true);\""; tmux wait -S done
COPY 30
root@2b0e848428bd:/backup# su - postgres -c "psql -d production_db -c 'SELECT COUNT(*) FROM users;'"; tmux wait -S done
 count
-------
    30
(1 row)

root@2b0e848428bd:/backup# cat > /tmp/import_transactions.py << 'EOF'
> import json
> import csv
>
> # Read transactions from JSON
> with open('/backup/valid_transactions.json', 'r') as f:
>     transactions = json.load(f)
>
> # Write to CSV for import
> with open('/tmp/transactions.csv', 'w', newline='') as f:
>     writer = csv.writer(f)
>     writer.writerow(['transaction_id', 'user_id', 'amount', 'timestamp', 'description'])
>     for txn in transactions:
>         writer.writerow([
>             txn['transaction_id'],
>             txn['user_id'],
>             txn['amount'],
>             txn['timestamp'],
>             txn.get('description', '')
>         ])
>
> print(f'Wrote {len(transactions)} transactions to CSV')
> EOF
root@2b0e848428bd:/backup# python3 /tmp/import_transactions.py; tmux wait -S done
Wrote 100 transactions to CSV
root@2b0e848428bd:/backup# su - postgres -c "psql -d production_db -c \"COPY transactions(transaction_id, user_id, amount, timestamp, description) FROM '/tmp/tr
ansactions.csv' WITH (FORMAT csv, HEADER true);\""; tmux wait -S done
COPY 100
root@2b0e848428bd:/backup# su - postgres -c "psql -d production_db -c 'SELECT COUNT(*) FROM transactions;'"; tmux wait -S done
 count
-------
   100
(1 row)

root@2b0e848428bd:/backup# cat > /tmp/generate_reports.py << 'EOF'
> import subprocess
> import json
>
> # Generate database statistics report
> result = subprocess.run(
>     ['su', '-', 'postgres', '-c',
>      "psql -d production_db -t -A -F'|' -c 'SELECT COUNT(*) FROM users; SELECT COUNT(*) FROM users WHERE status = '\''active'\''; SELECT COUNT(*) FROM transac
tions; SELECT SUM(amount) FROM transactions; SELECT SUM(amount)::numeric / COUNT(DISTINCT user_id) FROM transactions;'"],
>     capture_output=True, text=True
> )
>
> lines = result.stdout.strip().split('\n')
> total_users = lines[0]
> active_users = lines[1]
> total_transactions = lines[2]
> total_amount = float(lines[3])
> avg_per_user = float(lines[4])
>
> with open('/backup/db_stats.txt', 'w') as f:
>     f.write('DATABASE STATISTICS\n')
>     f.write('==================\n')
>     f.write(f'Total Users: {total_users}\n')
>     f.write(f'Active Users: {active_users}\n')
>     f.write(f'Total Transactions: {total_transactions}\n')
>     f.write(f'Total Amount: {total_amount:.2f}\n')
>     f.write(f'Average per User: {avg_per_user:.2f}\n')
>
> print('Generated db_stats.txt')
>
> # Generate top users report
> result = subprocess.run(
>     ['su', '-', 'postgres', '-c',
>      "psql -d production_db -t -A -F',' -c \"SELECT u.username, COALESCE(SUM(t.amount), 0)::numeric(10,2) as total_amount FROM users u LEFT JOIN transactions
t ON u.user_id = t.user_id GROUP BY u.username ORDER BY total_amount DESC, u.username ASC LIMIT 10;\""],
>     capture_output=True, text=True
> )
>
> with open('/backup/top_users.csv', 'w') as f:
>     f.write('username,total_amount\n')
>     f.write(result.stdout)
>
> print('Generated top_users.csv')
>
> # Generate backup verification report
> with open('/backup/backup_metadata.log', 'r') as f:
>     log_content = f.read()
>
> backup_date = ''
> tables_backed_up = ''
> total_rows = ''
> integrity_check = ''
>
> for line in log_content.split('\n'):
>     if 'Backup timestamp:' in line:
>         backup_date = line.split('Backup timestamp:')[1].strip()
>     elif 'Total tables backed up:' in line:
>         tables_backed_up = line.split('Total tables backed up:')[1].strip()
>     elif 'Total rows backed up:' in line:
>         total_rows = line.split('Total rows backed up:')[1].strip()
>     elif 'Integrity check:' in line:
>         integrity_check = line.split('Integrity check:')[1].strip()
>
> with open('/backup/backup_verification.txt', 'w') as f:
>     f.write('BACKUP VERIFICATION\n')
>     f.write('===================\n')
>     f.write(f'Backup Date: {backup_date}\n')
>     f.write(f'Tables Backed Up: {tables_backed_up}\n')
>     f.write(f'Total Rows: {total_rows}\n')
>     f.write(f'Integrity Check: {integrity_check}\n')
>
> print('Generated backup_verification.txt')
>
> # Create recovery complete marker
> with open('/backup/recovery_complete.txt', 'w') as f:
>     f.write('RECOVERY_SUCCESSFUL\n')
>
> print('Created recovery_complete.txt')
> print('All reports generated successfully!')
> EOF
root@2b0e848428bd:/backup# python3 /tmp/generate_reports.py; tmux wait -S done
Traceback (most recent call last):
  File "/tmp/generate_reports.py", line 13, in <module>
    active_users = lines[1]
                   ~~~~~^^^
IndexError: list index out of range
root@2b0e848428bd:/backup# cat > /tmp/generate_reports.py << 'EOF'
> import subprocess
>
> def run_query(query):
>     result = subprocess.run(
>         ['su', '-', 'postgres', '-c', f"psql -d production_db -t -A -c \"{query}\""],
>         capture_output=True, text=True
>     )
>     return result.stdout.strip()
>
> # Generate database statistics report
> total_users = run_query('SELECT COUNT(*) FROM users;')
> active_users = run_query("SELECT COUNT(*) FROM users WHERE status = 'active';")
> total_transactions = run_query('SELECT COUNT(*) FROM transactions;')
> total_amount = float(run_query('SELECT COALESCE(SUM(amount), 0) FROM transactions;'))
> avg_per_user = float(run_query('SELECT COALESCE(SUM(amount)::numeric / COUNT(DISTINCT user_id), 0) FROM transactions;'))
>
> with open('/backup/db_stats.txt', 'w') as f:
>     f.write('DATABASE STATISTICS\n')
>     f.write('==================\n')
>     f.write(f'Total Users: {total_users}\n')
>     f.write(f'Active Users: {active_users}\n')
>     f.write(f'Total Transactions: {total_transactions}\n')
>     f.write(f'Total Amount: {total_amount:.2f}\n')
>     f.write(f'Average per User: {avg_per_user:.2f}\n')
>
> print('Generated db_stats.txt')
>
> # Generate top users report
> result = subprocess.run(
>     ['su', '-', 'postgres', '-c',
>      "psql -d production_db -t -A -F',' -c \"SELECT u.username, COALESCE(SUM(t.amount), 0)::numeric(10,2) as total_amount FROM users u LEFT JOIN transactions
t ON u.user_id = t.user_id GROUP BY u.username ORDER BY total_amount DESC, u.username ASC LIMIT 10;\""],
>     capture_output=True, text=True
> )
>
> with open('/backup/top_users.csv', 'w') as f:
>     f.write('username,total_amount\n')
>     f.write(result.stdout)
>
> print('Generated top_users.csv')
>
> # Generate backup verification report
> with open('/backup/backup_metadata.log', 'r') as f:
>     log_content = f.read()
>
> backup_date = ''
> tables_backed_up = ''
> total_rows = ''
> integrity_check = ''
>
> for line in log_content.split('\n'):
>     if 'Backup timestamp:' in line:
>         backup_date = line.split('Backup timestamp:')[1].strip()
>     elif 'Total tables backed up:' in line:
>         tables_backed_up = line.split('Total tables backed up:')[1].strip()
>     elif 'Total rows backed up:' in line:
>         total_rows = line.split('Total rows backed up:')[1].strip()
>     elif 'Integrity check:' in line:
>         integrity_check = line.split('Integrity check:')[1].strip()
>
> with open('/backup/backup_verification.txt', 'w') as f:
>     f.write('BACKUP VERIFICATION\n')
>     f.write('===================\n')
>     f.write(f'Backup Date: {backup_date}\n')
>     f.write(f'Tables Backed Up: {tables_backed_up}\n')
>     f.write(f'Total Rows: {total_rows}\n')
>     f.write(f'Integrity Check: {integrity_check}\n')
>
> print('Generated backup_verification.txt')
>
> # Create recovery complete marker
> with open('/backup/recovery_complete.txt', 'w') as f:
>     f.write('RECOVERY_SUCCESSFUL\n')
>
> print('Created recovery_complete.txt')
> print('All reports generated successfully!')
> EOF
root@2b0e848428bd:/backup# python3 /tmp/generate_reports.py; tmux wait -S done
Generated db_stats.txt
Generated top_users.csv
Generated backup_verification.txt
Created recovery_complete.txt
All reports generated successfully!
root@2b0e848428bd:/backup# ls -la /backup/*.csv /backup/*.json /backup/*.txt; tmux wait -S done
-rw-r--r-- 1 root root   133 Dec  4 19:05 /backup/backup_verification.txt
-rw-r--r-- 1 root root  2052 Dec  4 19:04 /backup/clean_users.csv
-rw-r--r-- 1 root root   145 Dec  4 19:05 /backup/db_stats.txt
-rw-r--r-- 1 root root    20 Dec  4 19:05 /backup/recovery_complete.txt
-rw-r--r-- 1 root root   219 Dec  4 19:05 /backup/top_users.csv
-rw-r--r-- 1 root root 15425 Dec  4 16:54 /backup/transactions_backup.json
-rw-r--r-- 1 root root  2351 Dec  4 16:54 /backup/users_export.csv
-rw-r--r-- 1 root root 14573 Dec  4 19:04 /backup/valid_transactions.json
root@2b0e848428bd:/backup# echo '=== clean_users.csv ==='; tmux wait -S done
=== clean_users.csv ===
root@2b0e848428bd:/backup# head -5 /backup/clean_users.csv && echo '...' && wc -l /backup/clean_users.csv; tmux wait -S done
user_id,username,email,created_at,status
1,alice_smith,alice_smith@example.com,2024-11-21 01:25:46,inactive
2,bob_jones,bob_jones@example.com,2025-06-28 01:25:46,active
3,charlie_brown,charlie_brown@example.com,2025-08-13 01:25:46,suspended
4,diana_prince,diana_prince@example.com,2025-08-05 01:25:46,inactive
...
31 /backup/clean_users.csv
root@2b0e848428bd:/backup# echo '=== valid_transactions.json ==='; tmux wait -S done
=== valid_transactions.json ===
root@2b0e848428bd:/backup# head -20 /backup/valid_transactions.json; tmux wait -S done
[
  {
    "transaction_id": 1,
    "user_id": 16,
    "amount": 46.0,
    "timestamp": "2025-07-16 01:25:56",
    "description": "Subscription"
  },
  {
    "transaction_id": 2,
    "user_id": 6,
    "amount": 646.05,
    "timestamp": "2025-05-02 01:25:56",
    "description": "Payment"
  },
  {
    "transaction_id": 3,
    "user_id": 29,
    "amount": 186.76,
    "timestamp": "2025-07-30 01:25:56",
root@2b0e848428bd:/backup# echo '=== db_stats.txt ==='; tmux wait -S done
=== db_stats.txt ===
root@2b0e848428bd:/backup# cat /backup/db_stats.txt; tmux wait -S done
DATABASE STATISTICS
==================
Total Users: 30
Active Users: 13
Total Transactions: 100
Total Amount: 53109.46
Average per User: 1770.32
root@2b0e848428bd:/backup# echo '=== top_users.csv ==='; tmux wait -S done
=== top_users.csv ===
root@2b0e848428bd:/backup# cat /backup/top_users.csv; tmux wait -S done
username,total_amount
zara_ahmed,4400.17
alice_smith,3682.87
victor_von,3451.21
donna_noble,3225.49
xavier_prof,2990.51
nick_fury,2709.20
wade_wilson,2678.95
tony_stark,2637.00
frank_white,2539.97
charlie_brown,2525.32
root@2b0e848428bd:/backup# echo '=== backup_verification.txt ==='; tmux wait -S done
=== backup_verification.txt ===
root@2b0e848428bd:/backup# cat /backup/backup_verification.txt; tmux wait -S done
BACKUP VERIFICATION
===================
Backup Date: 2025-09-28 03:00:00
Tables Backed Up: 2
Total Rows: 130
Integrity Check: PASSED
root@2b0e848428bd:/backup# echo '=== recovery_complete.txt ==='; tmux wait -S done
=== recovery_complete.txt ===
root@2b0e848428bd:/backup# cat /backup/recovery_complete.txt; tmux wait -S done
RECOVERY_SUCCESSFUL
root@2b0e848428bd:/backup# echo '=== Verification: Check all files exist ==='; tmux wait -S done
=== Verification: Check all files exist ===
root@2b0e848428bd:/backup# ls -lh /backup/clean_users.csv /backup/valid_transactions.json /backup/db_stats.txt /backup/top_users.csv /backup/backup_verification
.txt /backup/recovery_complete.txt; tmux wait -S done
-rw-r--r-- 1 root root  133 Dec  4 19:05 /backup/backup_verification.txt
-rw-r--r-- 1 root root 2.1K Dec  4 19:04 /backup/clean_users.csv
-rw-r--r-- 1 root root  145 Dec  4 19:05 /backup/db_stats.txt
-rw-r--r-- 1 root root   20 Dec  4 19:05 /backup/recovery_complete.txt
-rw-r--r-- 1 root root  219 Dec  4 19:05 /backup/top_users.csv
-rw-r--r-- 1 root root  15K Dec  4 19:04 /backup/valid_transactions.json
root@2b0e848428bd:/backup# echo '=== Verification: Check database ==='; tmux wait -S done
=== Verification: Check database ===
root@2b0e848428bd:/backup# su - postgres -c "psql -d production_db -c 'SELECT COUNT(*) as user_count FROM users; SELECT COUNT(*) as transaction_count FROM trans
actions;'"; tmux wait -S done
 user_count
------------
         30
(1 row)

 transaction_count
-------------------
               100
(1 row)

root@2b0e848428bd:/backup# wc -l /backup/clean_users.csv /backup/valid_transactions.json /backup/db_stats.txt /backup/top_users.csv /backup/backup_verification.
txt /backup/recovery_complete.txt; tmux wait -S done
   31 /backup/clean_users.csv
  702 /backup/valid_transactions.json
    7 /backup/db_stats.txt
   11 /backup/top_users.csv
    6 /backup/backup_verification.txt
    1 /backup/recovery_complete.txt
  758 total
root@2b0e848428bd:/backup# tail -c 20 /backup/valid_transactions.json | od -c; tmux wait -S done
0000000   S   u   b   s   c   r   i   p   t   i   o   n   "  \n
0000020   }  \n   ]  \n
0000024
root@2b0e848428bd:/backup# tail -c 20 /backup/clean_users.csv | od -c; tmux wait -S done
0000000   2   2       0   1   :   2   5   :   4   6   ,   a   c   t   i
0000020   v   e  \r  \n
0000024
root@2b0e848428bd:/backup# tail -c 20 /backup/db_stats.txt | od -c; tmux wait -S done
0000000   e       p   e   r       U   s   e   r   :       1   7   7   0
0000020   .   3   2  \n
0000024
root@2b0e848428bd:/backup# tail -c 20 /backup/top_users.csv | od -c; tmux wait -S done
0000000   a   r   l   i   e   _   b   r   o   w   n   ,   2   5   2   5
0000020   .   3   2  \n
0000024
root@2b0e848428bd:/backup# tail -c 20 /backup/backup_verification.txt | od -c; tmux wait -S done
0000000   g   r   i   t   y       C   h   e   c   k   :       P   A   S
0000020   S   E   D  \n
0000024
root@2b0e848428bd:/backup# tail -c 20 /backup/recovery_complete.txt | od -c; tmux wait -S done
0000000   R   E   C   O   V   E   R   Y   _   S   U   C   C   E   S   S
0000020   F   U   L  \n
0000024
root@2b0e848428bd:/backup# dos2unix /backup/clean_users.csv 2>/dev/null || sed -i 's/\r$//' /backup/clean_users.csv; tmux wait -S done
root@2b0e848428bd:/backup# tail -c 20 /backup/clean_users.csv | od -c; tmux wait -S done
0000000   -   2   2       0   1   :   2   5   :   4   6   ,   a   c   t
0000020   i   v   e  \n
0000024
root@2b0e848428bd:/backup# echo '=== Final Verification Summary ==='; tmux wait -S done
=== Final Verification Summary ===
root@2b0e848428bd:/backup# echo 'Database: production_db' && su - postgres -c "psql -l | grep production_db"; tmux wait -S done
Database: production_db
 production_db | postgres | UTF8     | libc            | C.UTF-8 | C.UTF-8 |            |           |
root@2b0e848428bd:/backup# echo 'Tables:' && su - postgres -c "psql -d production_db -c '\\dt'"; tmux wait -S done
Tables:
            List of relations
 Schema |     Name     | Type  |  Owner
--------+--------------+-------+----------
 public | transactions | table | postgres
 public | users        | table | postgres
(2 rows)

root@2b0e848428bd:/backup# echo 'Row counts:' && su - postgres -c "psql -d production_db -c 'SELECT (SELECT COUNT(*) FROM users) as users, (SELECT COUNT(*) FROM
 transactions) as transactions;'"; tmux wait -S done
Row counts:
 users | transactions
-------+--------------
    30 |          100
(1 row)

root@2b0e848428bd:/backup# echo 'All required files:' && ls -1 /backup/*.csv /backup/*.json /backup/*.txt | grep -E '(clean_users|valid_transactions|db_stats|to
p_users|backup_verification|recovery_complete)'; tmux wait -S done
All required files:
/backup/backup_verification.txt
/backup/clean_users.csv
/backup/db_stats.txt
/backup/recovery_complete.txt
/backup/top_users.csv
/backup/valid_transactions.json
root@2b0e848428bd:/backup# echo '=== Sample of clean_users.csv (first 3 data rows) ==='; tmux wait -S done
=== Sample of clean_users.csv (first 3 data rows) ===
root@2b0e848428bd:/backup# head -4 /backup/clean_users.csv; tmux wait -S done
user_id,username,email,created_at,status
1,alice_smith,alice_smith@example.com,2024-11-21 01:25:46,inactive
2,bob_jones,bob_jones@example.com,2025-06-28 01:25:46,active
3,charlie_brown,charlie_brown@example.com,2025-08-13 01:25:46,suspended
root@2b0e848428bd:/backup# echo '=== Verify top_users amounts have 2 decimal places ==='; tmux wait -S done
=== Verify top_users amounts have 2 decimal places ===
root@2b0e848428bd:/backup# tail -3 /backup/top_users.csv; tmux wait -S done
tony_stark,2637.00
frank_white,2539.97
charlie_brown,2525.32
root@2b0e848428bd:/backup# echo '=== Verify JSON is valid ==='; tmux wait -S done
=== Verify JSON is valid ===
root@2b0e848428bd:/backup# python3 -c "import json; data=json.load(open('/backup/valid_transactions.json')); print(f'Valid JSON with {len(data)} transactions');
 print('First transaction:', data[0])"; tmux wait -S done
Valid JSON with 100 transactions
First transaction: {'transaction_id': 1, 'user_id': 16, 'amount': 46.0, 'timestamp': '2025-07-16 01:25:56', 'description': 'Subscription'}
root@2b0e848428bd:/backup# echo '=== All tasks completed successfully! ==='; tmux wait -S done
=== All tasks completed successfully! ===
root@2b0e848428bd:/backup# echo '=== Final Format Verification ==='; tmux wait -S done
=== Final Format Verification ===
root@2b0e848428bd:/backup# echo 'File sizes and line counts:' && wc -l /backup/clean_users.csv /backup/valid_transactions.json /backup/db_stats.txt /backup/top_
users.csv /backup/backup_verification.txt /backup/recovery_complete.txt; tmux wait -S done
File sizes and line counts:
   31 /backup/clean_users.csv
  702 /backup/valid_transactions.json
    7 /backup/db_stats.txt
   11 /backup/top_users.csv
    6 /backup/backup_verification.txt
    1 /backup/recovery_complete.txt
  758 total
root@2b0e848428bd:/backup# echo 'Checking all files end with newline:' && for f in /backup/clean_users.csv /backup/valid_transactions.json /backup/db_stats.txt
/backup/top_users.csv /backup/backup_verification.txt /backup/recovery_complete.txt; do echo -n "$f: "; tail -c 1 "$f" | od -An -tx1 | grep -q '0a' && echo 'OK
(ends with newline)' || echo 'MISSING NEWLINE'; done; tmux wait -S done
Checking all files end with newline:
/backup/clean_users.csv: OK (ends with newline)
/backup/valid_transactions.json: OK (ends with newline)
/backup/db_stats.txt: OK (ends with newline)
/backup/top_users.csv: OK (ends with newline)
/backup/backup_verification.txt: OK (ends with newline)
/backup/recovery_complete.txt: OK (ends with newline)
root@2b0e848428bd:/backup# echo 'Database accessible and contains data:' && su - postgres -c "psql -d production_db -c 'SELECT COUNT(*) as total_users FROM user
s; SELECT COUNT(*) as total_transactions FROM transactions;'"; tmux wait -S done
Database accessible and contains data:
 total_users
-------------
          30
(1 row)

 total_transactions
--------------------
                100
(1 row)

root@2b0e848428bd:/backup# echo '=== RECOVERY COMPLETE - All requirements met ==='; tmux wait -S done
=== RECOVERY COMPLETE - All requirements met ===
root@2b0e848428bd:/backup#
