root@bbbc5313bf43:/backup# ls -la /backup/; tmux wait -S done
total 40
drwxr-xr-x 1 root root  4096 Dec  4 16:59 .
drwxr-xr-x 1 root root  4096 Dec  4 17:38 ..
-rw-r--r-- 1 root root   945 Dec  4 16:54 backup_metadata.log
-rw-r--r-- 1 root root   718 Dec  4 16:54 database.sql
-rw-r--r-- 1 root root   703 Dec  4 16:54 postgresql.conf
-rw-r--r-- 1 root root 15425 Dec  4 16:54 transactions_backup.json
-rw-r--r-- 1 root root  2351 Dec  4 16:54 users_export.csv
root@bbbc5313bf43:/backup# head -20 /backup/database.sql; tmux wait -S done
-- PostgreSQL database dump
-- This dump contains the schema and some sample data
-- Note: Some statements may have errors that need to be fixed

-- Create users table
CREATE TABLE IF NOT EXISTS users (
    user_id INTEGER PRIMARY KEY,
    username VARCHAR(100) NOT NULL,
    email VARCHAR(255) NOT NULL,
    created_at TIMESTAMP,
    status VARCHAR(20)
);

-- Create transactions table
CREATE TABLE IF NOT EXISTS transactions (
    transaction_id INTEGER PRIMARY KEY,
    user_id INTEGER,
    amount DECIMAL(10,2),
    timestamp TIMESTAMP,
    description TEXT,
root@bbbc5313bf43:/backup# head -20 /backup/users_export.csv; tmux wait -S done
user_id,username,email,created_at,status
1,alice_smith,alice_smith@example.com,2024-11-21 01:25:46,inactive
2,bob_jones,bob_jones@example.com,2025-06-28 01:25:46,active
3,charlie_brown,charlie_brown@example.com,2025-08-13 01:25:46,suspended
4,diana_prince,diana_prince@example.com,2025-08-05 01:25:46,inactive
5,eve_adams,eve_adams@example.com,2025-09-08 01:25:46,inactive
6,frank_white,frank_white@example.com,2025-09-04 01:25:46,active
7,grace_lee,grace_lee@example.com,2025-06-05 01:25:46,active
8,henry_ford,henry_ford@example.com,2025-07-25 01:25:46,inactive
9,iris_west,iris_west@example.com,2025-03-23 01:25:46,suspended
10,jack_ryan,jack_ryan@example.com,2024-10-19 01:25:46,inactive
11,kate_mills,kate_mills@example.com,2025-06-27 01:25:46,active
12,leo_king,leo_king@example.com,2024-12-21 01:25:46,inactive
13,mary_jane,mary_jane@example.com,2025-10-03 01:25:46,suspended
14,nick_fury,nick_fury@example.com,2025-04-03 01:25:46,suspended
15,olivia_pope,olivia_pope@example.com,2025-06-01 01:25:46,active
16,peter_parker,peter_parker@example.com,2025-01-02 01:25:46,inactive
17,quinn_baker,quinn_baker@example.com,2025-01-22 01:25:46,suspended
18,rachel_green,rachel_green@example.com,2025-04-01 01:25:46,inactive
19,steve_rogers,steve_rogers@example.com,2025-06-28 01:25:46,active
root@bbbc5313bf43:/backup# head -20 /backup/transactions_backup.json; tmux wait -S done
[
  {
    "transaction_id": 1,
    "user_id": 16,
    "amount": 46.0,
    "timestamp": "2025-07-16 01:25:56",
    "description": "Subscription"
  },
  {
    "transaction_id": 2,
    "user_id": 6,
    "amount": 646.05,
    "timestamp": "2025-05-02 01:25:56",
    "description": "Payment"
  },
  {
    "transaction_id": 3,
    "user_id": 29,
    "amount": 186.76,
    "timestamp": "2025-07-30 01:25:56",
root@bbbc5313bf43:/backup# cat /backup/backup_metadata.log; tmux wait -S done
[2025-09-28 03:00:00] INFO: Starting database backup process
[2025-09-28 03:00:01] INFO: Backup initiated by: admin
[2025-09-28 03:00:01] INFO: Backup type: Full
[2025-09-28 03:00:02] INFO: Connecting to database: production_db
[2025-09-28 03:00:03] INFO: Connection successful
[2025-09-28 03:00:05] INFO: Backing up table: users
[2025-09-28 03:00:06] INFO: Table 'users' backed up successfully - 30 rows
[2025-09-28 03:00:07] INFO: Backing up table: transactions
[2025-09-28 03:00:09] INFO: Table 'transactions' backed up successfully - 100 rows
[2025-09-28 03:00:10] INFO: Total tables backed up: 2
[2025-09-28 03:00:10] INFO: Total rows backed up: 130
[2025-09-28 03:00:11] INFO: Running integrity check
[2025-09-28 03:00:12] INFO: Integrity check: PASSED
[2025-09-28 03:00:13] INFO: Backup completed successfully
[2025-09-28 03:00:13] INFO: Backup file: /backup/database.sql
[2025-09-28 03:00:13] INFO: Backup timestamp: 2025-09-28 03:00:00
root@bbbc5313bf43:/backup# service postgresql start; tmux wait -S done
 * Starting PostgreSQL 16 database server                                                                                                                [ OK ]
root@bbbc5313bf43:/backup# cat /backup/database.sql; tmux wait -S done
-- PostgreSQL database dump
-- This dump contains the schema and some sample data
-- Note: Some statements may have errors that need to be fixed

-- Create users table
CREATE TABLE IF NOT EXISTS users (
    user_id INTEGER PRIMARY KEY,
    username VARCHAR(100) NOT NULL,
    email VARCHAR(255) NOT NULL,
    created_at TIMESTAMP,
    status VARCHAR(20)
);

-- Create transactions table
CREATE TABLE IF NOT EXISTS transactions (
    transaction_id INTEGER PRIMARY KEY,
    user_id INTEGER,
    amount DECIMAL(10,2),
    timestamp TIMESTAMP,
    description TEXT,
    FOREIGN KEY (user_id) REFERENCES users(user_id)
);

-- Note: The data will be imported from CSV and JSON files
-- This dump only contains the schema
root@bbbc5313bf43:/backup# psql -U postgres -c "CREATE DATABASE production_db;"; tmux wait -S done
psql: error: connection to server on socket "/var/run/postgresql/.s.PGSQL.5432" failed: FATAL:  Peer authentication failed for user "postgres"
root@bbbc5313bf43:/backup# psql -U postgres -d production_db -f /backup/database.sql; tmux wait -S done
psql: error: connection to server on socket "/var/run/postgresql/.s.PGSQL.5432" failed: FATAL:  Peer authentication failed for user "postgres"
root@bbbc5313bf43:/backup# psql -U postgres -d production_db -c "\dt"; tmux wait -S done
psql: error: connection to server on socket "/var/run/postgresql/.s.PGSQL.5432" failed: FATAL:  Peer authentication failed for user "postgres"
root@bbbc5313bf43:/backup# su - postgres -c "psql -c 'CREATE DATABASE production_db;'"; tmux wait -S done
CREATE DATABASE
root@bbbc5313bf43:/backup# su - postgres -c "psql -d production_db -f /backup/database.sql"; tmux wait -S done
CREATE TABLE
CREATE TABLE
root@bbbc5313bf43:/backup# su - postgres -c "psql -d production_db -c '\dt'"; tmux wait -S done
            List of relations
 Schema |     Name     | Type  |  Owner
--------+--------------+-------+----------
 public | transactions | table | postgres
 public | users        | table | postgres
(2 rows)

root@bbbc5313bf43:/backup# wc -l /backup/users_export.csv; tmux wait -S done
37 /backup/users_export.csv
root@bbbc5313bf43:/backup# cat /backup/users_export.csv; tmux wait -S done
user_id,username,email,created_at,status
1,alice_smith,alice_smith@example.com,2024-11-21 01:25:46,inactive
2,bob_jones,bob_jones@example.com,2025-06-28 01:25:46,active
3,charlie_brown,charlie_brown@example.com,2025-08-13 01:25:46,suspended
4,diana_prince,diana_prince@example.com,2025-08-05 01:25:46,inactive
5,eve_adams,eve_adams@example.com,2025-09-08 01:25:46,inactive
6,frank_white,frank_white@example.com,2025-09-04 01:25:46,active
7,grace_lee,grace_lee@example.com,2025-06-05 01:25:46,active
8,henry_ford,henry_ford@example.com,2025-07-25 01:25:46,inactive
9,iris_west,iris_west@example.com,2025-03-23 01:25:46,suspended
10,jack_ryan,jack_ryan@example.com,2024-10-19 01:25:46,inactive
11,kate_mills,kate_mills@example.com,2025-06-27 01:25:46,active
12,leo_king,leo_king@example.com,2024-12-21 01:25:46,inactive
13,mary_jane,mary_jane@example.com,2025-10-03 01:25:46,suspended
14,nick_fury,nick_fury@example.com,2025-04-03 01:25:46,suspended
15,olivia_pope,olivia_pope@example.com,2025-06-01 01:25:46,active
16,peter_parker,peter_parker@example.com,2025-01-02 01:25:46,inactive
17,quinn_baker,quinn_baker@example.com,2025-01-22 01:25:46,suspended
18,rachel_green,rachel_green@example.com,2025-04-01 01:25:46,inactive
19,steve_rogers,steve_rogers@example.com,2025-06-28 01:25:46,active
20,tony_stark,tony_stark@example.com,2025-07-18 01:25:46,suspended
21,uma_thurman,uma_thurman@example.com,2025-01-13 01:25:46,active
22,victor_von,victor_von@example.com,2024-10-17 01:25:46,active
23,wade_wilson,wade_wilson@example.com,2025-04-24 01:25:46,suspended
24,xavier_prof,xavier_prof@example.com,2025-09-27 01:25:46,inactive
25,yara_greyjoy,yara_greyjoy@example.com,2025-06-21 01:25:46,active
26,zara_ahmed,zara_ahmed@example.com,2025-09-19 01:25:46,active
27,alan_turing,alan_turing@example.com,2025-03-17 01:25:46,inactive
28,betty_white,betty_white@example.com,2024-10-09 01:25:46,active
29,clark_kent,clark_kent@example.com,2025-09-22 01:25:46,active
30,donna_noble,donna_noble@example.com,2024-11-22 01:25:46,active
,bad_user1,bad1@example.com,2024-01-01 10:00:00,active
31,bad_user2,bademail.com,2024-01-01 10:00:00,active
32,,bad3@example.com,2024-01-01 10:00:00,active
33,bad_user4,bad4@example.com,2024-01-01 10:00:00,deleted
34,bad_user5,,2024-01-01 10:00:00,active
,,noemail,2024-01-01 10:00:00,invalid
root@bbbc5313bf43:/backup# python3 -c "import json; data = json.load(open('/backup/transactions_backup.json')); print(f'Total transactions: {len(data)}'); print
('First 5:'); [print(t) for t in data[:5]]; print('\nLast 5:'); [print(t) for t in data[-5:]]"; tmux wait -S done
Total transactions: 106
First 5:
{'transaction_id': 1, 'user_id': 16, 'amount': 46.0, 'timestamp': '2025-07-16 01:25:56', 'description': 'Subscription'}
{'transaction_id': 2, 'user_id': 6, 'amount': 646.05, 'timestamp': '2025-05-02 01:25:56', 'description': 'Payment'}
{'transaction_id': 3, 'user_id': 29, 'amount': 186.76, 'timestamp': '2025-07-30 01:25:56', 'description': 'Payment'}
{'transaction_id': 4, 'user_id': 10, 'amount': 757.37, 'timestamp': '2025-09-03 01:25:56', 'description': 'Deposit'}
{'transaction_id': 5, 'user_id': 9, 'amount': 366.3, 'timestamp': '2025-09-21 01:25:56', 'description': 'Refund'}

Last 5:
{'transaction_id': 101, 'user_id': 10, 'amount': -50.0, 'timestamp': '2024-01-01 10:00:00', 'description': 'Invalid'}
{'transaction_id': 102, 'user_id': 15, 'amount': 200.0, 'timestamp': None, 'description': 'Invalid'}
{'transaction_id': 103, 'user_id': 999, 'amount': 150.0, 'timestamp': '2024-01-01 10:00:00', 'description': 'Invalid'}
{'transaction_id': 104, 'user_id': 8, 'amount': 0, 'timestamp': '2024-01-01 10:00:00', 'description': 'Invalid'}
{'transaction_id': 105, 'user_id': 12, 'amount': 'invalid', 'timestamp': '2024-01-01 10:00:00', 'description': 'Invalid'}
root@bbbc5313bf43:/backup# cat > /backup/clean_users.py << 'EOF'
> import csv
> import re
>
> # Valid status values
> valid_statuses = {'active', 'inactive', 'suspended'}
>
> # Read and clean users
> with open('/backup/users_export.csv', 'r') as infile:
>     reader = csv.DictReader(infile)
>     clean_rows = []
>
>     for row in reader:
>         # Check for missing user_id
>         if not row.get('user_id') or row['user_id'].strip() == '':
>             continue
>
>         # Check for empty username
>         if not row.get('username') or row['username'].strip() == '':
>             continue
>
>         # Check for invalid email (must contain @)
>         email = row.get('email', '')
>         if not email or '@' not in email:
>             continue
>
>         # Check for invalid status
>         status = row.get('status', '')
>         if status not in valid_statuses:
>             continue
>
>         clean_rows.append(row)
>
> # Write cleaned data
> with open('/backup/clean_users.csv', 'w', newline='') as outfile:
>     fieldnames = ['user_id', 'username', 'email', 'created_at', 'status']
>     writer = csv.DictWriter(outfile, fieldnames=fieldnames)
>     writer.writeheader()
>     writer.writerows(clean_rows)
>
> print(f'Cleaned users: {len(clean_rows)} valid rows')
> EOF
root@bbbc5313bf43:/backup# python3 /backup/clean_users.py; tmux wait -S done
Cleaned users: 30 valid rows
root@bbbc5313bf43:/backup# head -5 /backup/clean_users.csv; tmux wait -S done
user_id,username,email,created_at,status
1,alice_smith,alice_smith@example.com,2024-11-21 01:25:46,inactive
2,bob_jones,bob_jones@example.com,2025-06-28 01:25:46,active
3,charlie_brown,charlie_brown@example.com,2025-08-13 01:25:46,suspended
4,diana_prince,diana_prince@example.com,2025-08-05 01:25:46,inactive
root@bbbc5313bf43:/backup# su - postgres -c "psql -d production_db -c \"COPY users FROM '/backup/clean_users.csv' WITH (FORMAT csv, HEADER true);\""; tmux wait
-S done
COPY 30
root@bbbc5313bf43:/backup# su - postgres -c "psql -d production_db -c 'SELECT COUNT(*) FROM users;'"; tmux wait -S done
 count
-------
    30
(1 row)

root@bbbc5313bf43:/backup# cat > /backup/clean_transactions.py << 'EOF'
> import json
>
> # Read transactions
> with open('/backup/transactions_backup.json', 'r') as f:
>     transactions = json.load(f)
>
> valid_transactions = []
>
> for txn in transactions:
>     # Check for null transaction_id
>     if txn.get('transaction_id') is None:
>         continue
>
>     # Check for null or invalid user_id (must be 1-30)
>     user_id = txn.get('user_id')
>     if user_id is None or not isinstance(user_id, int) or user_id < 1 or user_id > 30:
>         continue
>
>     # Check for null, negative, or invalid amount
>     amount = txn.get('amount')
>     if amount is None:
>         continue
>
>     # Handle string amounts or non-numeric
>     try:
>         amount_val = float(amount)
>         if amount_val <= 0:
>             continue
>     except (ValueError, TypeError):
>         continue
>
>     # Check for missing timestamp
>     if txn.get('timestamp') is None or txn.get('timestamp') == '':
>         continue
>
>     valid_transactions.append(txn)
>
> # Write valid transactions
> with open('/backup/valid_transactions.json', 'w') as f:
>     json.dump(valid_transactions, f, indent=2)
>     f.write('\n')
>
> print(f'Valid transactions: {len(valid_transactions)} out of {len(transactions)}')
> EOF
root@bbbc5313bf43:/backup# python3 /backup/clean_transactions.py; tmux wait -S done
Valid transactions: 100 out of 106
root@bbbc5313bf43:/backup# cat > /backup/import_transactions.py << 'EOF'
> import json
> import psycopg2
>
> # Read valid transactions
> with open('/backup/valid_transactions.json', 'r') as f:
>     transactions = json.load(f)
>
> # Connect to database
> conn = psycopg2.connect(
>     dbname='production_db',
>     user='postgres',
>     host='/var/run/postgresql'
> )
> cur = conn.cursor()
>
> # Insert transactions
> for txn in transactions:
>     cur.execute(
>         "INSERT INTO transactions (transaction_id, user_id, amount, timestamp, description) VALUES (%s, %s, %s, %s, %s)",
>         (txn['transaction_id'], txn['user_id'], txn['amount'], txn['timestamp'], txn['description'])
>     )
>
> conn.commit()
> print(f'Imported {len(transactions)} transactions')
>
> cur.close()
> conn.close()
> EOF
root@bbbc5313bf43:/backup# python3 /backup/import_transactions.py; tmux wait -S done
Traceback (most recent call last):
  File "/backup/import_transactions.py", line 2, in <module>
    import psycopg2
ModuleNotFoundError: No module named 'psycopg2'
root@bbbc5313bf43:/backup# su - postgres -c "psql -d production_db -c 'SELECT COUNT(*) FROM transactions;'"; tmux wait -S done
 count
-------
     0
(1 row)

root@bbbc5313bf43:/backup# cat > /backup/json_to_csv.py << 'EOF'
> import json
> import csv
>
> # Read valid transactions
> with open('/backup/valid_transactions.json', 'r') as f:
>     transactions = json.load(f)
>
> # Write to CSV
> with open('/backup/transactions_import.csv', 'w', newline='') as f:
>     fieldnames = ['transaction_id', 'user_id', 'amount', 'timestamp', 'description']
>     writer = csv.DictWriter(f, fieldnames=fieldnames)
>     writer.writeheader()
>     writer.writerows(transactions)
>
> print(f'Converted {len(transactions)} transactions to CSV')
> EOF
root@bbbc5313bf43:/backup# python3 /backup/json_to_csv.py; tmux wait -S done
Converted 100 transactions to CSV
root@bbbc5313bf43:/backup# su - postgres -c "psql -d production_db -c \"COPY transactions FROM '/backup/transactions_import.csv' WITH (FORMAT csv, HEADER true);
\""; tmux wait -S done
COPY 100
root@bbbc5313bf43:/backup# su - postgres -c "psql -d production_db -c 'SELECT COUNT(*) FROM transactions;'"; tmux wait -S done
 count
-------
   100
(1 row)

root@bbbc5313bf43:/backup# cat > /backup/generate_stats.py << 'EOF'
> import subprocess
>
> def run_query(query):
>     result = subprocess.run(
>         ['su', '-', 'postgres', '-c', f"psql -d production_db -t -A -c \"{query}\""],
>         capture_output=True, text=True
>     )
>     return result.stdout.strip()
>
> # Get statistics
> total_users = run_query('SELECT COUNT(*) FROM users;')
> active_users = run_query("SELECT COUNT(*) FROM users WHERE status = 'active';")
> total_transactions = run_query('SELECT COUNT(*) FROM transactions;')
> total_amount = run_query('SELECT ROUND(SUM(amount)::numeric, 2) FROM transactions;')
> avg_per_user = run_query('SELECT ROUND((SUM(amount) / COUNT(DISTINCT user_id))::numeric, 2) FROM transactions;')
>
> # Write report
> with open('/backup/db_stats.txt', 'w') as f:
>     f.write('DATABASE STATISTICS\n')
>     f.write('==================\n')
>     f.write(f'Total Users: {total_users}\n')
>     f.write(f'Active Users: {active_users}\n')
>     f.write(f'Total Transactions: {total_transactions}\n')
>     f.write(f'Total Amount: {total_amount}\n')
>     f.write(f'Average per User: {avg_per_user}\n')
>
> print('Database statistics report generated')
> EOF
root@bbbc5313bf43:/backup# python3 /backup/generate_stats.py; tmux wait -S done
Database statistics report generated
root@bbbc5313bf43:/backup# cat /backup/db_stats.txt; tmux wait -S done
DATABASE STATISTICS
==================
Total Users: 30
Active Users: 13
Total Transactions: 100
Total Amount: 53109.46
Average per User: 1770.32
root@bbbc5313bf43:/backup# cat > /backup/generate_top_users.py << 'EOF'
> import subprocess
> import csv
>
> # Query for top 10 users by transaction amount
> query = """
> SELECT u.username, ROUND(SUM(t.amount)::numeric, 2) as total_amount
> FROM users u
> JOIN transactions t ON u.user_id = t.user_id
> GROUP BY u.username
> ORDER BY total_amount DESC, u.username ASC
> LIMIT 10;
> """
>
> result = subprocess.run(
>     ['su', '-', 'postgres', '-c', f'psql -d production_db -t -A -F"," -c "{query}"'],
>     capture_output=True, text=True
> )
>
> lines = result.stdout.strip().split('\n')
>
> # Write to CSV
> with open('/backup/top_users.csv', 'w', newline='') as f:
>     writer = csv.writer(f)
>     writer.writerow(['username', 'total_amount'])
>     for line in lines:
>         if line:
>             writer.writerow(line.split(','))
>
> print(f'Top users report generated with {len(lines)} users')
> EOF
root@bbbc5313bf43:/backup# python3 /backup/generate_top_users.py; tmux wait -S done
Top users report generated with 10 users
root@bbbc5313bf43:/backup# cat /backup/top_users.csv; tmux wait -S done
username,total_amount
zara_ahmed,4400.17
alice_smith,3682.87
victor_von,3451.21
donna_noble,3225.49
xavier_prof,2990.51
nick_fury,2709.20
wade_wilson,2678.95
tony_stark,2637.00
frank_white,2539.97
charlie_brown,2525.32
root@bbbc5313bf43:/backup# cat > /backup/generate_verification.py << 'EOF'
> import re
>
> # Read the log file
> with open('/backup/backup_metadata.log', 'r') as f:
>     log_content = f.read()
>
> # Extract information
> backup_date = None
> tables_backed_up = None
> total_rows = None
> integrity_check = None
>
> for line in log_content.split('\n'):
>     if 'Backup timestamp:' in line:
>         backup_date = line.split('Backup timestamp:')[1].strip()
>     elif 'Total tables backed up:' in line:
>         tables_backed_up = line.split('Total tables backed up:')[1].strip()
>     elif 'Total rows backed up:' in line:
>         total_rows = line.split('Total rows backed up:')[1].strip()
>     elif 'Integrity check:' in line:
>         integrity_check = line.split('Integrity check:')[1].strip()
>
> # Write report
> with open('/backup/backup_verification.txt', 'w') as f:
>     f.write('BACKUP VERIFICATION\n')
>     f.write('===================\n')
>     f.write(f'Backup Date: {backup_date}\n')
>     f.write(f'Tables Backed Up: {tables_backed_up}\n')
>     f.write(f'Total Rows: {total_rows}\n')
>     f.write(f'Integrity Check: {integrity_check}\n')
>
> print('Backup verification report generated')
> EOF
root@bbbc5313bf43:/backup# python3 /backup/generate_verification.py; tmux wait -S done
Backup verification report generated
root@bbbc5313bf43:/backup# cat /backup/backup_verification.txt; tmux wait -S done
BACKUP VERIFICATION
===================
Backup Date: 2025-09-28 03:00:00
Tables Backed Up: 2
Total Rows: 130
Integrity Check: PASSED
root@bbbc5313bf43:/backup# echo 'RECOVERY_SUCCESSFUL' > /backup/recovery_complete.txt; tmux wait -S done
root@bbbc5313bf43:/backup# ls -la /backup/*.txt /backup/*.csv /backup/*.json | grep -E '(clean_users|valid_transactions|db_stats|top_users|backup_verification|r
ecovery_complete)'; tmux wait -S done
-rw-r--r-- 1 root root   133 Dec  4 17:40 /backup/backup_verification.txt
-rw-r--r-- 1 root root  2052 Dec  4 17:39 /backup/clean_users.csv
-rw-r--r-- 1 root root   145 Dec  4 17:40 /backup/db_stats.txt
-rw-r--r-- 1 root root    20 Dec  4 17:41 /backup/recovery_complete.txt
-rw-r--r-- 1 root root   230 Dec  4 17:40 /backup/top_users.csv
-rw-r--r-- 1 root root 14573 Dec  4 17:39 /backup/valid_transactions.json
root@bbbc5313bf43:/backup# echo '=== Verifying file formats ==='; tmux wait -S done
=== Verifying file formats ===
root@bbbc5313bf43:/backup# tail -c 1 /backup/clean_users.csv | od -An -tx1; tmux wait -S done
 0a
root@bbbc5313bf43:/backup# tail -c 1 /backup/valid_transactions.json | od -An -tx1; tmux wait -S done
 0a
root@bbbc5313bf43:/backup# tail -c 1 /backup/db_stats.txt | od -An -tx1; tmux wait -S done
 0a
root@bbbc5313bf43:/backup# tail -c 1 /backup/top_users.csv | od -An -tx1; tmux wait -S done
 0a
root@bbbc5313bf43:/backup# tail -c 1 /backup/backup_verification.txt | od -An -tx1; tmux wait -S done
 0a
root@bbbc5313bf43:/backup# tail -c 1 /backup/recovery_complete.txt | od -An -tx1; tmux wait -S done
 0a
root@bbbc5313bf43:/backup# echo '=== Final Verification ==='; tmux wait -S done
=== Final Verification ===
root@bbbc5313bf43:/backup# su - postgres -c "psql -d production_db -c 'SELECT COUNT(*) as user_count FROM users;'"; tmux wait -S done
 user_count
------------
         30
(1 row)

root@bbbc5313bf43:/backup# su - postgres -c "psql -d production_db -c 'SELECT COUNT(*) as transaction_count FROM transactions;'"; tmux wait -S done
 transaction_count
-------------------
               100
(1 row)

root@bbbc5313bf43:/backup# wc -l /backup/clean_users.csv /backup/top_users.csv; tmux wait -S done
  31 /backup/clean_users.csv
  11 /backup/top_users.csv
  42 total
root@bbbc5313bf43:/backup# head -3 /backup/clean_users.csv; tmux wait -S done
user_id,username,email,created_at,status
1,alice_smith,alice_smith@example.com,2024-11-21 01:25:46,inactive
2,bob_jones,bob_jones@example.com,2025-06-28 01:25:46,active
root@bbbc5313bf43:/backup# head -3 /backup/top_users.csv; tmux wait -S done
username,total_amount
zara_ahmed,4400.17
alice_smith,3682.87
root@bbbc5313bf43:/backup# python3 -c "import json; data=json.load(open('/backup/valid_transactions.json')); print(f'Valid transactions in JSON: {len(data)}');
print(f'Sample: {data[0]}')"; tmux wait -S done
Valid transactions in JSON: 100
Sample: {'transaction_id': 1, 'user_id': 16, 'amount': 46.0, 'timestamp': '2025-07-16 01:25:56', 'description': 'Subscription'}
root@bbbc5313bf43:/backup# cat /backup/recovery_complete.txt; tmux wait -S done
RECOVERY_SUCCESSFUL
root@bbbc5313bf43:/backup# echo '=== COMPREHENSIVE FINAL CHECK ==='; tmux wait -S done
=== COMPREHENSIVE FINAL CHECK ===
root@bbbc5313bf43:/backup# su - postgres -c "psql -d production_db -c '\dt'"; tmux wait -S done
            List of relations
 Schema |     Name     | Type  |  Owner
--------+--------------+-------+----------
 public | transactions | table | postgres
 public | users        | table | postgres
(2 rows)

root@bbbc5313bf43:/backup# echo '--- Database Statistics ---' && cat /backup/db_stats.txt; tmux wait -S done
--- Database Statistics ---
DATABASE STATISTICS
==================
Total Users: 30
Active Users: 13
Total Transactions: 100
Total Amount: 53109.46
Average per User: 1770.32
root@bbbc5313bf43:/backup# echo '--- Backup Verification ---' && cat /backup/backup_verification.txt; tmux wait -S done
--- Backup Verification ---
BACKUP VERIFICATION
===================
Backup Date: 2025-09-28 03:00:00
Tables Backed Up: 2
Total Rows: 130
Integrity Check: PASSED
root@bbbc5313bf43:/backup# echo '--- All Required Files Present ---' && ls -1 /backup/ | grep -E '^(clean_users\.csv|valid_transactions\.json|db_stats\.txt|top_
users\.csv|backup_verification\.txt|recovery_complete\.txt)$'; tmux wait -S done
--- All Required Files Present ---
backup_verification.txt
clean_users.csv
db_stats.txt
recovery_complete.txt
top_users.csv
valid_transactions.json
root@bbbc5313bf43:/backup# echo '--- Task Summary ---' && echo 'Database: production_db created ✓' && echo 'Tables: users (30 rows) and transactions (100 rows)
✓' && echo 'Clean data files: clean_users.csv and valid_transactions.json ✓' && echo 'Reports: db_stats.txt, top_users.csv, backup_verification.txt ✓' && echo '
Recovery marker: recovery_complete.txt ✓' && echo 'All files newline-terminated ✓'; tmux wait -S done
--- Task Summary ---
Database: production_db created ✓
Tables: users (30 rows) and transactions (100 rows) ✓
Clean data files: clean_users.csv and valid_transactions.json ✓
Reports: db_stats.txt, top_users.csv, backup_verification.txt ✓
Recovery marker: recovery_complete.txt ✓
All files newline-terminated ✓
root@bbbc5313bf43:/backup#
