root@4c8136e5fef9:/backup# ls -la /backup/; tmux wait -S done
total 40
drwxr-xr-x 1 root root  4096 Dec  4 16:59 .
drwxr-xr-x 1 root root  4096 Dec  4 17:45 ..
-rw-r--r-- 1 root root   945 Dec  4 16:54 backup_metadata.log
-rw-r--r-- 1 root root   718 Dec  4 16:54 database.sql
-rw-r--r-- 1 root root   703 Dec  4 16:54 postgresql.conf
-rw-r--r-- 1 root root 15425 Dec  4 16:54 transactions_backup.json
-rw-r--r-- 1 root root  2351 Dec  4 16:54 users_export.csv
root@4c8136e5fef9:/backup# head -20 /backup/database.sql; tmux wait -S done
-- PostgreSQL database dump
-- This dump contains the schema and some sample data
-- Note: Some statements may have errors that need to be fixed

-- Create users table
CREATE TABLE IF NOT EXISTS users (
    user_id INTEGER PRIMARY KEY,
    username VARCHAR(100) NOT NULL,
    email VARCHAR(255) NOT NULL,
    created_at TIMESTAMP,
    status VARCHAR(20)
);

-- Create transactions table
CREATE TABLE IF NOT EXISTS transactions (
    transaction_id INTEGER PRIMARY KEY,
    user_id INTEGER,
    amount DECIMAL(10,2),
    timestamp TIMESTAMP,
    description TEXT,
root@4c8136e5fef9:/backup# head -20 /backup/users_export.csv; tmux wait -S done
user_id,username,email,created_at,status
1,alice_smith,alice_smith@example.com,2024-11-21 01:25:46,inactive
2,bob_jones,bob_jones@example.com,2025-06-28 01:25:46,active
3,charlie_brown,charlie_brown@example.com,2025-08-13 01:25:46,suspended
4,diana_prince,diana_prince@example.com,2025-08-05 01:25:46,inactive
5,eve_adams,eve_adams@example.com,2025-09-08 01:25:46,inactive
6,frank_white,frank_white@example.com,2025-09-04 01:25:46,active
7,grace_lee,grace_lee@example.com,2025-06-05 01:25:46,active
8,henry_ford,henry_ford@example.com,2025-07-25 01:25:46,inactive
9,iris_west,iris_west@example.com,2025-03-23 01:25:46,suspended
10,jack_ryan,jack_ryan@example.com,2024-10-19 01:25:46,inactive
11,kate_mills,kate_mills@example.com,2025-06-27 01:25:46,active
12,leo_king,leo_king@example.com,2024-12-21 01:25:46,inactive
13,mary_jane,mary_jane@example.com,2025-10-03 01:25:46,suspended
14,nick_fury,nick_fury@example.com,2025-04-03 01:25:46,suspended
15,olivia_pope,olivia_pope@example.com,2025-06-01 01:25:46,active
16,peter_parker,peter_parker@example.com,2025-01-02 01:25:46,inactive
17,quinn_baker,quinn_baker@example.com,2025-01-22 01:25:46,suspended
18,rachel_green,rachel_green@example.com,2025-04-01 01:25:46,inactive
19,steve_rogers,steve_rogers@example.com,2025-06-28 01:25:46,active
root@4c8136e5fef9:/backup# head -20 /backup/transactions_backup.json; tmux wait -S done
[
  {
    "transaction_id": 1,
    "user_id": 16,
    "amount": 46.0,
    "timestamp": "2025-07-16 01:25:56",
    "description": "Subscription"
  },
  {
    "transaction_id": 2,
    "user_id": 6,
    "amount": 646.05,
    "timestamp": "2025-05-02 01:25:56",
    "description": "Payment"
  },
  {
    "transaction_id": 3,
    "user_id": 29,
    "amount": 186.76,
    "timestamp": "2025-07-30 01:25:56",
root@4c8136e5fef9:/backup# cat /backup/backup_metadata.log; tmux wait -S done
[2025-09-28 03:00:00] INFO: Starting database backup process
[2025-09-28 03:00:01] INFO: Backup initiated by: admin
[2025-09-28 03:00:01] INFO: Backup type: Full
[2025-09-28 03:00:02] INFO: Connecting to database: production_db
[2025-09-28 03:00:03] INFO: Connection successful
[2025-09-28 03:00:05] INFO: Backing up table: users
[2025-09-28 03:00:06] INFO: Table 'users' backed up successfully - 30 rows
[2025-09-28 03:00:07] INFO: Backing up table: transactions
[2025-09-28 03:00:09] INFO: Table 'transactions' backed up successfully - 100 rows
[2025-09-28 03:00:10] INFO: Total tables backed up: 2
[2025-09-28 03:00:10] INFO: Total rows backed up: 130
[2025-09-28 03:00:11] INFO: Running integrity check
[2025-09-28 03:00:12] INFO: Integrity check: PASSED
[2025-09-28 03:00:13] INFO: Backup completed successfully
[2025-09-28 03:00:13] INFO: Backup file: /backup/database.sql
[2025-09-28 03:00:13] INFO: Backup timestamp: 2025-09-28 03:00:00
root@4c8136e5fef9:/backup# service postgresql start; tmux wait -S done
 * Starting PostgreSQL 16 database server                                                                                                                [ OK ]
root@4c8136e5fef9:/backup# wc -l /backup/users_export.csv; tmux wait -S done
37 /backup/users_export.csv
root@4c8136e5fef9:/backup# tail -20 /backup/users_export.csv; tmux wait -S done
17,quinn_baker,quinn_baker@example.com,2025-01-22 01:25:46,suspended
18,rachel_green,rachel_green@example.com,2025-04-01 01:25:46,inactive
19,steve_rogers,steve_rogers@example.com,2025-06-28 01:25:46,active
20,tony_stark,tony_stark@example.com,2025-07-18 01:25:46,suspended
21,uma_thurman,uma_thurman@example.com,2025-01-13 01:25:46,active
22,victor_von,victor_von@example.com,2024-10-17 01:25:46,active
23,wade_wilson,wade_wilson@example.com,2025-04-24 01:25:46,suspended
24,xavier_prof,xavier_prof@example.com,2025-09-27 01:25:46,inactive
25,yara_greyjoy,yara_greyjoy@example.com,2025-06-21 01:25:46,active
26,zara_ahmed,zara_ahmed@example.com,2025-09-19 01:25:46,active
27,alan_turing,alan_turing@example.com,2025-03-17 01:25:46,inactive
28,betty_white,betty_white@example.com,2024-10-09 01:25:46,active
29,clark_kent,clark_kent@example.com,2025-09-22 01:25:46,active
30,donna_noble,donna_noble@example.com,2024-11-22 01:25:46,active
,bad_user1,bad1@example.com,2024-01-01 10:00:00,active
31,bad_user2,bademail.com,2024-01-01 10:00:00,active
32,,bad3@example.com,2024-01-01 10:00:00,active
33,bad_user4,bad4@example.com,2024-01-01 10:00:00,deleted
34,bad_user5,,2024-01-01 10:00:00,active
,,noemail,2024-01-01 10:00:00,invalid
root@4c8136e5fef9:/backup# python3 -c "import json; data=json.load(open('/backup/transactions_backup.json')); print(f'Total transactions: {len(data)}'); print('
Sample invalid entries:'); [print(t) for t in data[:50] if t.get('amount') is None or (isinstance(t.get('amount'), (int, float)) and t['amount'] <= 0) or t.get(
'transaction_id') is None or t.get('user_id') is None or t.get('timestamp') is None]"; tmux wait -S done
Total transactions: 106
Sample invalid entries:
root@4c8136e5fef9:/backup# psql -U postgres -c "CREATE DATABASE production_db;"; tmux wait -S done
psql: error: connection to server on socket "/var/run/postgresql/.s.PGSQL.5432" failed: FATAL:  Peer authentication failed for user "postgres"
root@4c8136e5fef9:/backup# psql -U postgres -d production_db < /backup/database.sql; tmux wait -S done
psql: error: connection to server on socket "/var/run/postgresql/.s.PGSQL.5432" failed: FATAL:  Peer authentication failed for user "postgres"
root@4c8136e5fef9:/backup# psql -U postgres -d production_db -c "\dt"; tmux wait -S done
psql: error: connection to server on socket "/var/run/postgresql/.s.PGSQL.5432" failed: FATAL:  Peer authentication failed for user "postgres"
root@4c8136e5fef9:/backup# su - postgres -c "psql -c 'CREATE DATABASE production_db;'"; tmux wait -S done
CREATE DATABASE
root@4c8136e5fef9:/backup# su - postgres -c "psql -d production_db -f /backup/database.sql"; tmux wait -S done
CREATE TABLE
CREATE TABLE
root@4c8136e5fef9:/backup# su - postgres -c "psql -d production_db -c '\dt'"; tmux wait -S done
            List of relations
 Schema |     Name     | Type  |  Owner
--------+--------------+-------+----------
 public | transactions | table | postgres
 public | users        | table | postgres
(2 rows)

root@4c8136e5fef9:/backup# cat > /backup/clean_data.py << 'EOF'
> import csv
> import json
> import re
>
> # Clean users CSV
> print("Cleaning users data...")
> valid_statuses = {'active', 'inactive', 'suspended'}
> clean_users = []
>
> with open('/backup/users_export.csv', 'r') as f:
>     reader = csv.DictReader(f)
>     for row in reader:
>         # Check if user_id exists and is not empty
>         if not row.get('user_id') or row['user_id'].strip() == '':
>             continue
>
>         # Check if username exists and is not empty
>         if not row.get('username') or row['username'].strip() == '':
>             continue
>
>         # Check if email exists, is not empty, and contains @
>         if not row.get('email') or row['email'].strip() == '' or '@' not in row['email']:
>             continue
>
>         # Check if status is valid
>         if not row.get('status') or row['status'].strip() not in valid_statuses:
>             continue
>
>         clean_users.append(row)
>
> print(f"Valid users: {len(clean_users)}")
>
> # Write clean users CSV
> with open('/backup/clean_users.csv', 'w', newline='') as f:
>     if clean_users:
>         writer = csv.DictWriter(f, fieldnames=['user_id', 'username', 'email', 'created_at', 'status'])
>         writer.writeheader()
>         writer.writerows(clean_users)
>
> print("Clean users saved to clean_users.csv")
>
> # Clean transactions JSON
> print("\nCleaning transactions data...")
> with open('/backup/transactions_backup.json', 'r') as f:
>     transactions = json.load(f)
>
> valid_transactions = []
> for t in transactions:
>     # Check transaction_id is not null
>     if t.get('transaction_id') is None:
>         continue
>
>     # Check user_id is not null and in range 1-30
>     if t.get('user_id') is None:
>         continue
>     try:
>         user_id = int(t['user_id'])
>         if user_id < 1 or user_id > 30:
>             continue
>     except (ValueError, TypeError):
>         continue
>
>     # Check amount is not null and is positive
>     if t.get('amount') is None:
>         continue
>     try:
>         amount = float(t['amount'])
>         if amount <= 0:
>             continue
>     except (ValueError, TypeError):
>         continue
>
>     # Check timestamp exists
>     if not t.get('timestamp'):
>         continue
>
>     valid_transactions.append(t)
>
> print(f"Valid transactions: {len(valid_transactions)}")
>
> # Write valid transactions JSON
> with open('/backup/valid_transactions.json', 'w') as f:
>     json.dump(valid_transactions, f, indent=2)
>     f.write('\n')
>
> print("Valid transactions saved to valid_transactions.json")
> EOF
root@4c8136e5fef9:/backup# python3 /backup/clean_data.py; tmux wait -S done
Cleaning users data...
Valid users: 30
Clean users saved to clean_users.csv

Cleaning transactions data...
Valid transactions: 100
Valid transactions saved to valid_transactions.json
root@4c8136e5fef9:/backup# su - postgres -c "psql -d production_db -c \"COPY users(user_id, username, email, created_at, status) FROM '/backup/clean_users.csv'
WITH (FORMAT csv, HEADER true);\""; tmux wait -S done
COPY 30
root@4c8136e5fef9:/backup# su - postgres -c "psql -d production_db -c 'SELECT COUNT(*) FROM users;'"; tmux wait -S done
 count
-------
    30
(1 row)

root@4c8136e5fef9:/backup# cat > /backup/import_transactions.py << 'EOF'
> import json
> import psycopg2
>
> # Load valid transactions
> with open('/backup/valid_transactions.json', 'r') as f:
>     transactions = json.load(f)
>
> # Connect to database
> conn = psycopg2.connect(
>     dbname='production_db',
>     user='postgres',
>     host='/var/run/postgresql'
> )
> cur = conn.cursor()
>
> # Insert transactions
> for t in transactions:
>     cur.execute(
>         "INSERT INTO transactions (transaction_id, user_id, amount, timestamp, description) VALUES (%s, %s, %s, %s, %s)",
>         (t['transaction_id'], t['user_id'], t['amount'], t['timestamp'], t.get('description', ''))
>     )
>
> conn.commit()
> print(f"Imported {len(transactions)} transactions")
>
> cur.close()
> conn.close()
> EOF
root@4c8136e5fef9:/backup# python3 /backup/import_transactions.py; tmux wait -S done
Traceback (most recent call last):
  File "/backup/import_transactions.py", line 2, in <module>
    import psycopg2
ModuleNotFoundError: No module named 'psycopg2'
root@4c8136e5fef9:/backup# cat > /backup/json_to_csv.py << 'EOF'
> import json
> import csv
>
> # Load valid transactions
> with open('/backup/valid_transactions.json', 'r') as f:
>     transactions = json.load(f)
>
> # Write to CSV
> with open('/backup/transactions_import.csv', 'w', newline='') as f:
>     writer = csv.writer(f)
>     for t in transactions:
>         writer.writerow([
>             t['transaction_id'],
>             t['user_id'],
>             t['amount'],
>             t['timestamp'],
>             t.get('description', '')
>         ])
>
> print(f"Converted {len(transactions)} transactions to CSV")
> EOF
root@4c8136e5fef9:/backup# python3 /backup/json_to_csv.py; tmux wait -S done
Converted 100 transactions to CSV
root@4c8136e5fef9:/backup# su - postgres -c "psql -d production_db -c \"COPY transactions(transaction_id, user_id, amount, timestamp, description) FROM '/backup
/transactions_import.csv' WITH (FORMAT csv);\""; tmux wait -S done
COPY 100
root@4c8136e5fef9:/backup# su - postgres -c "psql -d production_db -c 'SELECT COUNT(*) FROM transactions;'"; tmux wait -S done
 count
-------
   100
(1 row)

root@4c8136e5fef9:/backup# cat > /backup/generate_reports.py << 'EOF'
> import subprocess
> import json
>
> # Generate Database Statistics Report
> print("Generating database statistics...")
>
> # Query total users
> result = subprocess.run(
>     ['su', '-', 'postgres', '-c', "psql -d production_db -t -c 'SELECT COUNT(*) FROM users;'"],
>     capture_output=True, text=True
> )
> total_users = int(result.stdout.strip())
>
> # Query active users
> result = subprocess.run(
>     ['su', '-', 'postgres', '-c', "psql -d production_db -t -c \"SELECT COUNT(*) FROM users WHERE status='active';\""],
>     capture_output=True, text=True
> )
> active_users = int(result.stdout.strip())
>
> # Query total transactions
> result = subprocess.run(
>     ['su', '-', 'postgres', '-c', "psql -d production_db -t -c 'SELECT COUNT(*) FROM transactions;'"],
>     capture_output=True, text=True
> )
> total_transactions = int(result.stdout.strip())
>
> # Query total amount
> result = subprocess.run(
>     ['su', '-', 'postgres', '-c', "psql -d production_db -t -c 'SELECT SUM(amount) FROM transactions;'"],
>     capture_output=True, text=True
> )
> total_amount = float(result.stdout.strip())
>
> # Query average per user
> result = subprocess.run(
>     ['su', '-', 'postgres', '-c', "psql -d production_db -t -c 'SELECT SUM(amount) / COUNT(DISTINCT user_id) FROM transactions;'"],
>     capture_output=True, text=True
> )
> avg_per_user = float(result.stdout.strip())
>
> # Write db_stats.txt
> with open('/backup/db_stats.txt', 'w') as f:
>     f.write('DATABASE STATISTICS\n')
>     f.write('==================\n')
>     f.write(f'Total Users: {total_users}\n')
>     f.write(f'Active Users: {active_users}\n')
>     f.write(f'Total Transactions: {total_transactions}\n')
>     f.write(f'Total Amount: {total_amount:.2f}\n')
>     f.write(f'Average per User: {avg_per_user:.2f}\n')
>
> print("Database statistics report created")
>
> # Generate Top Users Report
> print("\nGenerating top users report...")
>
> result = subprocess.run(
>     ['su', '-', 'postgres', '-c',
>      "psql -d production_db -t -A -F',' -c \"SELECT u.username, ROUND(SUM(t.amount)::numeric, 2) as total_amount FROM users u JOIN transactions t ON u.user_id
 = t.user_id GROUP BY u.username ORDER BY total_amount DESC, u.username ASC LIMIT 10;\""],
>     capture_output=True, text=True
> )
>
> with open('/backup/top_users.csv', 'w') as f:
>     f.write('username,total_amount\n')
>     f.write(result.stdout)
>
> print("Top users report created")
>
> # Generate Backup Verification Report
> print("\nGenerating backup verification report...")
>
> with open('/backup/backup_metadata.log', 'r') as f:
>     log_content = f.read()
>
> # Extract information from log
> backup_date = ''
> tables_backed_up = ''
> total_rows = ''
> integrity_check = ''
>
> for line in log_content.split('\n'):
>     if 'Backup timestamp:' in line:
>         backup_date = line.split('Backup timestamp:')[1].strip()
>     elif 'Total tables backed up:' in line:
>         tables_backed_up = line.split('Total tables backed up:')[1].strip()
>     elif 'Total rows backed up:' in line:
>         total_rows = line.split('Total rows backed up:')[1].strip()
>     elif 'Integrity check:' in line:
>         integrity_check = line.split('Integrity check:')[1].strip()
>
> with open('/backup/backup_verification.txt', 'w') as f:
>     f.write('BACKUP VERIFICATION\n')
>     f.write('===================\n')
>     f.write(f'Backup Date: {backup_date}\n')
>     f.write(f'Tables Backed Up: {tables_backed_up}\n')
>     f.write(f'Total Rows: {total_rows}\n')
>     f.write(f'Integrity Check: {integrity_check}\n')
>
> print("Backup verification report created")
> EOF
root@4c8136e5fef9:/backup# python3 /backup/generate_reports.py; tmux wait -S done
Generating database statistics...
Database statistics report created

Generating top users report...
Top users report created

Generating backup verification report...
Backup verification report created
root@4c8136e5fef9:/backup# cat /backup/db_stats.txt; tmux wait -S done
DATABASE STATISTICS
==================
Total Users: 30
Active Users: 13
Total Transactions: 100
Total Amount: 53109.46
Average per User: 1770.32
root@4c8136e5fef9:/backup# cat /backup/top_users.csv; tmux wait -S done
username,total_amount
zara_ahmed,4400.17
alice_smith,3682.87
victor_von,3451.21
donna_noble,3225.49
xavier_prof,2990.51
nick_fury,2709.20
wade_wilson,2678.95
tony_stark,2637.00
frank_white,2539.97
charlie_brown,2525.32
root@4c8136e5fef9:/backup# cat /backup/backup_verification.txt; tmux wait -S done
BACKUP VERIFICATION
===================
Backup Date: 2025-09-28 03:00:00
Tables Backed Up: 2
Total Rows: 130
Integrity Check: PASSED
root@4c8136e5fef9:/backup# ls -la /backup/*.csv /backup/*.json /backup/*.txt; tmux wait -S done
-rw-r--r-- 1 root root   133 Dec  4 17:46 /backup/backup_verification.txt
-rw-r--r-- 1 root root  2052 Dec  4 17:46 /backup/clean_users.csv
-rw-r--r-- 1 root root   145 Dec  4 17:46 /backup/db_stats.txt
-rw-r--r-- 1 root root   219 Dec  4 17:46 /backup/top_users.csv
-rw-r--r-- 1 root root 15425 Dec  4 16:54 /backup/transactions_backup.json
-rw-r--r-- 1 root root  4270 Dec  4 17:46 /backup/transactions_import.csv
-rw-r--r-- 1 root root  2351 Dec  4 16:54 /backup/users_export.csv
-rw-r--r-- 1 root root 14573 Dec  4 17:46 /backup/valid_transactions.json
root@4c8136e5fef9:/backup# tail -c 1 /backup/clean_users.csv | od -An -tx1; tmux wait -S done
 0a
root@4c8136e5fef9:/backup# tail -c 1 /backup/valid_transactions.json | od -An -tx1; tmux wait -S done
 0a
root@4c8136e5fef9:/backup# tail -c 1 /backup/db_stats.txt | od -An -tx1; tmux wait -S done
 0a
root@4c8136e5fef9:/backup# tail -c 1 /backup/top_users.csv | od -An -tx1; tmux wait -S done
 0a
root@4c8136e5fef9:/backup# tail -c 1 /backup/backup_verification.txt | od -An -tx1; tmux wait -S done
 0a
root@4c8136e5fef9:/backup# echo 'RECOVERY_SUCCESSFUL' > /backup/recovery_complete.txt; tmux wait -S done
root@4c8136e5fef9:/backup# cat /backup/recovery_complete.txt; tmux wait -S done
RECOVERY_SUCCESSFUL
root@4c8136e5fef9:/backup# su - postgres -c "psql -d production_db -c 'SELECT table_name FROM information_schema.tables WHERE table_schema = 'public' ORDER BY t
able_name;'"; tmux wait -S done
ERROR:  column "public" does not exist
LINE 1: ...OM information_schema.tables WHERE table_schema = public ORD...
                                                             ^
root@4c8136e5fef9:/backup# su - postgres -c "psql -d production_db -c 'SELECT COUNT(*) as user_count FROM users; SELECT COUNT(*) as transaction_count FROM trans
actions;'"; tmux wait -S done
 user_count
------------
         30
(1 row)

 transaction_count
-------------------
               100
(1 row)

root@4c8136e5fef9:/backup# ls -la /backup/ | grep -E '(clean_users.csv|valid_transactions.json|db_stats.txt|top_users.csv|backup_verification.txt|recovery_compl
ete.txt)'; tmux wait -S done
-rw-r--r-- 1 root root   133 Dec  4 17:46 backup_verification.txt
-rw-r--r-- 1 root root  2052 Dec  4 17:46 clean_users.csv
-rw-r--r-- 1 root root   145 Dec  4 17:46 db_stats.txt
-rw-r--r-- 1 root root    20 Dec  4 17:47 recovery_complete.txt
-rw-r--r-- 1 root root   219 Dec  4 17:46 top_users.csv
-rw-r--r-- 1 root root 14573 Dec  4 17:46 valid_transactions.json
root@4c8136e5fef9:/backup# su - postgres -c "psql -d production_db -c \"SELECT table_name FROM information_schema.tables WHERE table_schema = 'public' ORDER BY
table_name;\""; tmux wait -S done
  table_name
--------------
 transactions
 users
(2 rows)

root@4c8136e5fef9:/backup# head -5 /backup/clean_users.csv && echo '...' && tail -2 /backup/clean_users.csv; tmux wait -S done
user_id,username,email,created_at,status
1,alice_smith,alice_smith@example.com,2024-11-21 01:25:46,inactive
2,bob_jones,bob_jones@example.com,2025-06-28 01:25:46,active
3,charlie_brown,charlie_brown@example.com,2025-08-13 01:25:46,suspended
4,diana_prince,diana_prince@example.com,2025-08-05 01:25:46,inactive
...
29,clark_kent,clark_kent@example.com,2025-09-22 01:25:46,active
30,donna_noble,donna_noble@example.com,2024-11-22 01:25:46,active
root@4c8136e5fef9:/backup# wc -l /backup/clean_users.csv /backup/top_users.csv; tmux wait -S done
  31 /backup/clean_users.csv
  11 /backup/top_users.csv
  42 total
root@4c8136e5fef9:/backup# python3 -c "import json; data=json.load(open('/backup/valid_transactions.json')); print(f'Valid transactions in JSON: {len(data)}');
print('First transaction:', data[0]); print('Last transaction:', data[-1])"; tmux wait -S done
Valid transactions in JSON: 100
First transaction: {'transaction_id': 1, 'user_id': 16, 'amount': 46.0, 'timestamp': '2025-07-16 01:25:56', 'description': 'Subscription'}
Last transaction: {'transaction_id': 100, 'user_id': 2, 'amount': 372.72, 'timestamp': '2025-07-05 01:25:56', 'description': 'Subscription'}
root@4c8136e5fef9:/backup# su - postgres -c "psql -d production_db -c 'SELECT status, COUNT(*) FROM users GROUP BY status ORDER BY status;'"; tmux wait -S done
  status   | count
-----------+-------
 active    |    13
 inactive  |    10
 suspended |     7
(3 rows)

root@4c8136e5fef9:/backup# su - postgres -c "psql -d production_db -c 'SELECT SUM(amount)::numeric(10,2) as total_amount FROM transactions;'"; tmux wait -S done
 total_amount
--------------
     53109.46
(1 row)

root@4c8136e5fef9:/backup# su - postgres -c "psql -d production_db -c 'SELECT username, ROUND(SUM(t.amount)::numeric, 2) as total FROM users u JOIN transactions
 t ON u.user_id = t.user_id GROUP BY username ORDER BY total DESC, username ASC LIMIT 3;'"; tmux wait -S done
  username   |  total
-------------+---------
 zara_ahmed  | 4400.17
 alice_smith | 3682.87
 victor_von  | 3451.21
(3 rows)

root@4c8136e5fef9:/backup# echo 'All tasks completed successfully!'; tmux wait -S done
All tasks completed successfully!
root@4c8136e5fef9:/backup#
