root@e12900196bff:/backup# ls -la /backup/; tmux wait -S done
total 40
drwxr-xr-x 1 root root  4096 Dec  4 16:59 .
drwxr-xr-x 1 root root  4096 Dec  4 19:03 ..
-rw-r--r-- 1 root root   945 Dec  4 16:54 backup_metadata.log
-rw-r--r-- 1 root root   718 Dec  4 16:54 database.sql
-rw-r--r-- 1 root root   703 Dec  4 16:54 postgresql.conf
-rw-r--r-- 1 root root 15425 Dec  4 16:54 transactions_backup.json
-rw-r--r-- 1 root root  2351 Dec  4 16:54 users_export.csv
root@e12900196bff:/backup# service postgresql start; tmux wait -S done
 * Starting PostgreSQL 16 database server                                                                                                                [ OK ]
root@e12900196bff:/backup# cat database.sql; tmux wait -S done
-- PostgreSQL database dump
-- This dump contains the schema and some sample data
-- Note: Some statements may have errors that need to be fixed

-- Create users table
CREATE TABLE IF NOT EXISTS users (
    user_id INTEGER PRIMARY KEY,
    username VARCHAR(100) NOT NULL,
    email VARCHAR(255) NOT NULL,
    created_at TIMESTAMP,
    status VARCHAR(20)
);

-- Create transactions table
CREATE TABLE IF NOT EXISTS transactions (
    transaction_id INTEGER PRIMARY KEY,
    user_id INTEGER,
    amount DECIMAL(10,2),
    timestamp TIMESTAMP,
    description TEXT,
    FOREIGN KEY (user_id) REFERENCES users(user_id)
);

-- Note: The data will be imported from CSV and JSON files
-- This dump only contains the schema
root@e12900196bff:/backup# head -20 users_export.csv; tmux wait -S done
user_id,username,email,created_at,status
1,alice_smith,alice_smith@example.com,2024-11-21 01:25:46,inactive
2,bob_jones,bob_jones@example.com,2025-06-28 01:25:46,active
3,charlie_brown,charlie_brown@example.com,2025-08-13 01:25:46,suspended
4,diana_prince,diana_prince@example.com,2025-08-05 01:25:46,inactive
5,eve_adams,eve_adams@example.com,2025-09-08 01:25:46,inactive
6,frank_white,frank_white@example.com,2025-09-04 01:25:46,active
7,grace_lee,grace_lee@example.com,2025-06-05 01:25:46,active
8,henry_ford,henry_ford@example.com,2025-07-25 01:25:46,inactive
9,iris_west,iris_west@example.com,2025-03-23 01:25:46,suspended
10,jack_ryan,jack_ryan@example.com,2024-10-19 01:25:46,inactive
11,kate_mills,kate_mills@example.com,2025-06-27 01:25:46,active
12,leo_king,leo_king@example.com,2024-12-21 01:25:46,inactive
13,mary_jane,mary_jane@example.com,2025-10-03 01:25:46,suspended
14,nick_fury,nick_fury@example.com,2025-04-03 01:25:46,suspended
15,olivia_pope,olivia_pope@example.com,2025-06-01 01:25:46,active
16,peter_parker,peter_parker@example.com,2025-01-02 01:25:46,inactive
17,quinn_baker,quinn_baker@example.com,2025-01-22 01:25:46,suspended
18,rachel_green,rachel_green@example.com,2025-04-01 01:25:46,inactive
19,steve_rogers,steve_rogers@example.com,2025-06-28 01:25:46,active
root@e12900196bff:/backup# head -30 transactions_backup.json; tmux wait -S done
[
  {
    "transaction_id": 1,
    "user_id": 16,
    "amount": 46.0,
    "timestamp": "2025-07-16 01:25:56",
    "description": "Subscription"
  },
  {
    "transaction_id": 2,
    "user_id": 6,
    "amount": 646.05,
    "timestamp": "2025-05-02 01:25:56",
    "description": "Payment"
  },
  {
    "transaction_id": 3,
    "user_id": 29,
    "amount": 186.76,
    "timestamp": "2025-07-30 01:25:56",
    "description": "Payment"
  },
  {
    "transaction_id": 4,
    "user_id": 10,
    "amount": 757.37,
    "timestamp": "2025-09-03 01:25:56",
    "description": "Deposit"
  },
  {
root@e12900196bff:/backup# cat database.sql; tmux wait -S done
-- PostgreSQL database dump
-- This dump contains the schema and some sample data
-- Note: Some statements may have errors that need to be fixed

-- Create users table
CREATE TABLE IF NOT EXISTS users (
    user_id INTEGER PRIMARY KEY,
    username VARCHAR(100) NOT NULL,
    email VARCHAR(255) NOT NULL,
    created_at TIMESTAMP,
    status VARCHAR(20)
);

-- Create transactions table
CREATE TABLE IF NOT EXISTS transactions (
    transaction_id INTEGER PRIMARY KEY,
    user_id INTEGER,
    amount DECIMAL(10,2),
    timestamp TIMESTAMP,
    description TEXT,
    FOREIGN KEY (user_id) REFERENCES users(user_id)
);

-- Note: The data will be imported from CSV and JSON files
-- This dump only contains the schema
root@e12900196bff:/backup# cat backup_metadata.log; tmux wait -S done
[2025-09-28 03:00:00] INFO: Starting database backup process
[2025-09-28 03:00:01] INFO: Backup initiated by: admin
[2025-09-28 03:00:01] INFO: Backup type: Full
[2025-09-28 03:00:02] INFO: Connecting to database: production_db
[2025-09-28 03:00:03] INFO: Connection successful
[2025-09-28 03:00:05] INFO: Backing up table: users
[2025-09-28 03:00:06] INFO: Table 'users' backed up successfully - 30 rows
[2025-09-28 03:00:07] INFO: Backing up table: transactions
[2025-09-28 03:00:09] INFO: Table 'transactions' backed up successfully - 100 rows
[2025-09-28 03:00:10] INFO: Total tables backed up: 2
[2025-09-28 03:00:10] INFO: Total rows backed up: 130
[2025-09-28 03:00:11] INFO: Running integrity check
[2025-09-28 03:00:12] INFO: Integrity check: PASSED
[2025-09-28 03:00:13] INFO: Backup completed successfully
[2025-09-28 03:00:13] INFO: Backup file: /backup/database.sql
[2025-09-28 03:00:13] INFO: Backup timestamp: 2025-09-28 03:00:00
root@e12900196bff:/backup# wc -l users_export.csv transactions_backup.json; tmux wait -S done
   37 users_export.csv
  743 transactions_backup.json
  780 total
root@e12900196bff:/backup# psql -U postgres -c "CREATE DATABASE production_db;"; tmux wait -S done
psql: error: connection to server on socket "/var/run/postgresql/.s.PGSQL.5432" failed: FATAL:  Peer authentication failed for user "postgres"
root@e12900196bff:/backup# psql -U postgres -d production_db -f database.sql; tmux wait -S done
psql: error: connection to server on socket "/var/run/postgresql/.s.PGSQL.5432" failed: FATAL:  Peer authentication failed for user "postgres"
root@e12900196bff:/backup# psql -U postgres -d production_db -c "\dt"; tmux wait -S done
psql: error: connection to server on socket "/var/run/postgresql/.s.PGSQL.5432" failed: FATAL:  Peer authentication failed for user "postgres"
root@e12900196bff:/backup# su - postgres -c "psql -c 'CREATE DATABASE production_db;'"; tmux wait -S done
CREATE DATABASE
root@e12900196bff:/backup# su - postgres -c "psql -d production_db -f /backup/database.sql"; tmux wait -S done
CREATE TABLE
CREATE TABLE
root@e12900196bff:/backup# su - postgres -c "psql -d production_db -c '\dt'"; tmux wait -S done
            List of relations
 Schema |     Name     | Type  |  Owner
--------+--------------+-------+----------
 public | transactions | table | postgres
 public | users        | table | postgres
(2 rows)

root@e12900196bff:/backup# cat > clean_and_import.py << 'EOF'
> import csv
> import json
> import re
> import subprocess
>
> # Clean users CSV
> print("Cleaning users CSV...")
> valid_users = []
> valid_statuses = {'active', 'inactive', 'suspended'}
> email_pattern = re.compile(r'^[^@]+@[^@]+$')
>
> with open('/backup/users_export.csv', 'r') as f:
>     reader = csv.DictReader(f)
>     for row in reader:
>         # Check for missing user_id
>         if not row.get('user_id') or not row['user_id'].strip():
>             continue
>
>         # Check for empty username
>         if not row.get('username') or not row['username'].strip():
>             continue
>
>         # Check for invalid email (must contain @)
>         if not row.get('email') or not email_pattern.match(row['email'].strip()):
>             continue
>
>         # Check for invalid status
>         if not row.get('status') or row['status'].strip() not in valid_statuses:
>             continue
>
>         valid_users.append(row)
>
> print(f"Valid users: {len(valid_users)}")
>
> # Write clean users CSV
> with open('/backup/clean_users.csv', 'w', newline='') as f:
>     if valid_users:
>         fieldnames = ['user_id', 'username', 'email', 'created_at', 'status']
>         writer = csv.DictWriter(f, fieldnames=fieldnames)
>         writer.writeheader()
>         writer.writerows(valid_users)
>
> print("Clean users CSV written.")
>
> # Clean transactions JSON
> print("Cleaning transactions JSON...")
> with open('/backup/transactions_backup.json', 'r') as f:
>     transactions = json.load(f)
>
> valid_user_ids = {int(u['user_id']) for u in valid_users}
> valid_transactions = []
>
> for txn in transactions:
>     # Check for null transaction_id
>     if txn.get('transaction_id') is None:
>         continue
>
>     # Check for null or negative amount
>     if txn.get('amount') is None or txn['amount'] <= 0:
>         continue
>
>     # Check for missing timestamp
>     if not txn.get('timestamp'):
>         continue
>
>     # Check for invalid user_id (must be 1-30 and in valid users)
>     user_id = txn.get('user_id')
>     if user_id is None or user_id < 1 or user_id > 30:
>         continue
>
>     valid_transactions.append(txn)
>
> print(f"Valid transactions: {len(valid_transactions)}")
>
> # Write valid transactions JSON
> with open('/backup/valid_transactions.json', 'w') as f:
>     json.dump(valid_transactions, f, indent=2)
>     f.write('\n')
>
> print("Valid transactions JSON written.")
>
> # Import users into database
> print("Importing users into database...")
> with open('/tmp/import_users.sql', 'w') as f:
>     f.write("COPY users(user_id, username, email, created_at, status) FROM '/backup/clean_users.csv' WITH (FORMAT csv, HEADER true);\n")
>
> result = subprocess.run(
>     ['su', '-', 'postgres', '-c', "psql -d production_db -f /tmp/import_users.sql"],
>     capture_output=True, text=True
> )
> print(result.stdout)
> if result.stderr:
>     print(result.stderr)
>
> # Import transactions into database
> print("Importing transactions into database...")
> with open('/tmp/import_transactions.sql', 'w') as f:
>     for txn in valid_transactions:
>         f.write(f"INSERT INTO transactions (transaction_id, user_id, amount, timestamp, description) VALUES ({txn['transaction_id']}, {txn['user_id']}, {txn['
amount']}, '{txn['timestamp']}', '{txn['description']}');\n")
>
> result = subprocess.run(
>     ['su', '-', 'postgres', '-c', "psql -d production_db -f /tmp/import_transactions.sql"],
>     capture_output=True, text=True
> )
> print(result.stdout)
> if result.stderr:
>     print(result.stderr)
>
> print("Data import complete.")
> EOF
root@e12900196bff:/backup# python3 clean_and_import.py; tmux wait -S done
Cleaning users CSV...
Valid users: 30
Clean users CSV written.
Cleaning transactions JSON...
Traceback (most recent call last):
  File "/backup/clean_and_import.py", line 59, in <module>
    if txn.get('amount') is None or txn['amount'] <= 0:
                                    ^^^^^^^^^^^^^^^^^^
TypeError: '<=' not supported between instances of 'str' and 'int'
root@e12900196bff:/backup# cat > clean_and_import.py << 'EOF'
> import csv
> import json
> import re
> import subprocess
>
> # Clean users CSV
> print("Cleaning users CSV...")
> valid_users = []
> valid_statuses = {'active', 'inactive', 'suspended'}
> email_pattern = re.compile(r'^[^@]+@[^@]+$')
>
> with open('/backup/users_export.csv', 'r') as f:
>     reader = csv.DictReader(f)
>     for row in reader:
>         # Check for missing user_id
>         if not row.get('user_id') or not row['user_id'].strip():
>             continue
>
>         # Check for empty username
>         if not row.get('username') or not row['username'].strip():
>             continue
>
>         # Check for invalid email (must contain @)
>         if not row.get('email') or not email_pattern.match(row['email'].strip()):
>             continue
>
>         # Check for invalid status
>         if not row.get('status') or row['status'].strip() not in valid_statuses:
>             continue
>
>         valid_users.append(row)
>
> print(f"Valid users: {len(valid_users)}")
>
> # Write clean users CSV
> with open('/backup/clean_users.csv', 'w', newline='') as f:
>     if valid_users:
>         fieldnames = ['user_id', 'username', 'email', 'created_at', 'status']
>         writer = csv.DictWriter(f, fieldnames=fieldnames)
>         writer.writeheader()
>         writer.writerows(valid_users)
>
> print("Clean users CSV written.")
>
> # Clean transactions JSON
> print("Cleaning transactions JSON...")
> with open('/backup/transactions_backup.json', 'r') as f:
>     transactions = json.load(f)
>
> valid_user_ids = {int(u['user_id']) for u in valid_users}
> valid_transactions = []
>
> for txn in transactions:
>     # Check for null transaction_id
>     if txn.get('transaction_id') is None:
>         continue
>
>     # Check for null or negative amount
>     amount = txn.get('amount')
>     if amount is None:
>         continue
>
>     try:
>         amount_val = float(amount)
>         if amount_val <= 0:
>             continue
>     except (ValueError, TypeError):
>         continue
>
>     # Check for missing timestamp
>     if not txn.get('timestamp'):
>         continue
>
>     # Check for invalid user_id (must be 1-30 and in valid users)
>     user_id = txn.get('user_id')
>     if user_id is None:
>         continue
>
>     try:
>         user_id_val = int(user_id)
>         if user_id_val < 1 or user_id_val > 30:
>             continue
>     except (ValueError, TypeError):
>         continue
>
>     valid_transactions.append(txn)
>
> print(f"Valid transactions: {len(valid_transactions)}")
>
> # Write valid transactions JSON
> with open('/backup/valid_transactions.json', 'w') as f:
>     json.dump(valid_transactions, f, indent=2)
>     f.write('\n')
>
> print("Valid transactions JSON written.")
>
> # Import users into database
> print("Importing users into database...")
> with open('/tmp/import_users.sql', 'w') as f:
>     f.write("COPY users(user_id, username, email, created_at, status) FROM '/backup/clean_users.csv' WITH (FORMAT csv, HEADER true);\n")
>
> result = subprocess.run(
>     ['su', '-', 'postgres', '-c', "psql -d production_db -f /tmp/import_users.sql"],
>     capture_output=True, text=True
> )
> print(result.stdout)
> if result.stderr:
>     print(result.stderr)
>
> # Import transactions into database
> print("Importing transactions into database...")
> with open('/tmp/import_transactions.sql', 'w') as f:
>     for txn in valid_transactions:
>         desc = txn['description'].replace("'", "''")
>         f.write(f"INSERT INTO transactions (transaction_id, user_id, amount, timestamp, description) VALUES ({txn['transaction_id']}, {txn['user_id']}, {txn['
amount']}, '{txn['timestamp']}', '{desc}');\n")
>
> result = subprocess.run(
>     ['su', '-', 'postgres', '-c', "psql -d production_db -f /tmp/import_transactions.sql"],
>     capture_output=True, text=True
> )
> print(result.stdout)
> if result.stderr:
>     print(result.stderr)
>
> print("Data import complete.")
> EOF
root@e12900196bff:/backup# python3 clean_and_import.py; tmux wait -S done
Cleaning users CSV...
Valid users: 30
Clean users CSV written.
Cleaning transactions JSON...
Valid transactions: 100
Valid transactions JSON written.
Importing users into database...
COPY 30

Importing transactions into database...
INSERT 0 1
INSERT 0 1
INSERT 0 1
INSERT 0 1
INSERT 0 1
INSERT 0 1
INSERT 0 1
INSERT 0 1
INSERT 0 1
INSERT 0 1
INSERT 0 1
INSERT 0 1
INSERT 0 1
INSERT 0 1
INSERT 0 1
INSERT 0 1
INSERT 0 1
INSERT 0 1
INSERT 0 1
INSERT 0 1
INSERT 0 1
INSERT 0 1
INSERT 0 1
INSERT 0 1
INSERT 0 1
INSERT 0 1
INSERT 0 1
INSERT 0 1
INSERT 0 1
INSERT 0 1
INSERT 0 1
INSERT 0 1
INSERT 0 1
INSERT 0 1
INSERT 0 1
INSERT 0 1
INSERT 0 1
INSERT 0 1
INSERT 0 1
INSERT 0 1
INSERT 0 1
INSERT 0 1
INSERT 0 1
INSERT 0 1
INSERT 0 1
INSERT 0 1
INSERT 0 1
INSERT 0 1
INSERT 0 1
INSERT 0 1
INSERT 0 1
INSERT 0 1
INSERT 0 1
INSERT 0 1
INSERT 0 1
INSERT 0 1
INSERT 0 1
INSERT 0 1
INSERT 0 1
INSERT 0 1
INSERT 0 1
INSERT 0 1
INSERT 0 1
INSERT 0 1
INSERT 0 1
INSERT 0 1
INSERT 0 1
INSERT 0 1
INSERT 0 1
INSERT 0 1
INSERT 0 1
INSERT 0 1
INSERT 0 1
INSERT 0 1
INSERT 0 1
INSERT 0 1
INSERT 0 1
INSERT 0 1
INSERT 0 1
INSERT 0 1
INSERT 0 1
INSERT 0 1
INSERT 0 1
INSERT 0 1
INSERT 0 1
INSERT 0 1
INSERT 0 1
INSERT 0 1
INSERT 0 1
INSERT 0 1
INSERT 0 1
INSERT 0 1
INSERT 0 1
INSERT 0 1
INSERT 0 1
INSERT 0 1
INSERT 0 1
INSERT 0 1
INSERT 0 1
INSERT 0 1

Data import complete.
root@e12900196bff:/backup# su - postgres -c "psql -d production_db -c 'SELECT COUNT(*) FROM users;'"; tmux wait -S done
 count
-------
    30
(1 row)

root@e12900196bff:/backup# su - postgres -c "psql -d production_db -c 'SELECT COUNT(*) FROM transactions;'"; tmux wait -S done
 count
-------
   100
(1 row)

root@e12900196bff:/backup# cat > generate_reports.py << 'EOF'
> import subprocess
> import re
>
> def run_query(query):
>     result = subprocess.run(
>         ['su', '-', 'postgres', '-c', f"psql -d production_db -t -A -c \"{query}\""],
>         capture_output=True, text=True
>     )
>     return result.stdout.strip()
>
> # Generate database statistics report
> print("Generating database statistics report...")
> total_users = run_query("SELECT COUNT(*) FROM users;")
> active_users = run_query("SELECT COUNT(*) FROM users WHERE status = 'active';")
> total_transactions = run_query("SELECT COUNT(*) FROM transactions;")
> total_amount = run_query("SELECT ROUND(SUM(amount)::numeric, 2) FROM transactions;")
> avg_per_user = run_query("SELECT ROUND(AVG(total)::numeric, 2) FROM (SELECT user_id, SUM(amount) as total FROM transactions GROUP BY user_id) as user_totals;"
)
>
> with open('/backup/db_stats.txt', 'w') as f:
>     f.write("DATABASE STATISTICS\n")
>     f.write("==================\n")
>     f.write(f"Total Users: {total_users}\n")
>     f.write(f"Active Users: {active_users}\n")
>     f.write(f"Total Transactions: {total_transactions}\n")
>     f.write(f"Total Amount: {total_amount}\n")
>     f.write(f"Average per User: {avg_per_user}\n")
>
> print("Database statistics report generated.")
>
> # Generate top users report
> print("Generating top users report...")
> query = """
> SELECT u.username, ROUND(SUM(t.amount)::numeric, 2) as total_amount
> FROM users u
> JOIN transactions t ON u.user_id = t.user_id
> GROUP BY u.username
> ORDER BY total_amount DESC, u.username ASC
> LIMIT 10;
> """
>
> result = subprocess.run(
>     ['su', '-', 'postgres', '-c', f'psql -d production_db -t -A -F"," -c "{query}"'],
>     capture_output=True, text=True
> )
>
> with open('/backup/top_users.csv', 'w') as f:
>     f.write("username,total_amount\n")
>     f.write(result.stdout)
>
> print("Top users report generated.")
>
> # Generate backup verification report
> print("Generating backup verification report...")
> with open('/backup/backup_metadata.log', 'r') as f:
>     log_content = f.read()
>
> # Extract information from log
> backup_date = None
> tables_backed_up = None
> total_rows = None
> integrity_check = None
>
> for line in log_content.split('\n'):
>     if 'Backup timestamp:' in line:
>         backup_date = line.split('Backup timestamp:')[1].strip()
>     elif 'Total tables backed up:' in line:
>         tables_backed_up = line.split('Total tables backed up:')[1].strip()
>     elif 'Total rows backed up:' in line:
>         total_rows = line.split('Total rows backed up:')[1].strip()
>     elif 'Integrity check:' in line:
>         integrity_check = line.split('Integrity check:')[1].strip()
>
> with open('/backup/backup_verification.txt', 'w') as f:
>     f.write("BACKUP VERIFICATION\n")
>     f.write("===================\n")
>     f.write(f"Backup Date: {backup_date}\n")
>     f.write(f"Tables Backed Up: {tables_backed_up}\n")
>     f.write(f"Total Rows: {total_rows}\n")
>     f.write(f"Integrity Check: {integrity_check}\n")
>
> print("Backup verification report generated.")
>
> # Create recovery completion marker
> print("Creating recovery completion marker...")
> with open('/backup/recovery_complete.txt', 'w') as f:
>     f.write("RECOVERY_SUCCESSFUL\n")
>
> print("Recovery completion marker created.")
> print("All reports generated successfully!")
> EOF
root@e12900196bff:/backup# python3 generate_reports.py; tmux wait -S done
Generating database statistics report...
Database statistics report generated.
Generating top users report...
Top users report generated.
Generating backup verification report...
Backup verification report generated.
Creating recovery completion marker...
Recovery completion marker created.
All reports generated successfully!
root@e12900196bff:/backup# ls -la /backup/*.csv /backup/*.json /backup/*.txt 2>/dev/null; tmux wait -S done
-rw-r--r-- 1 root root   133 Dec  4 19:04 /backup/backup_verification.txt
-rw-r--r-- 1 root root  2052 Dec  4 19:04 /backup/clean_users.csv
-rw-r--r-- 1 root root   145 Dec  4 19:04 /backup/db_stats.txt
-rw-r--r-- 1 root root    20 Dec  4 19:04 /backup/recovery_complete.txt
-rw-r--r-- 1 root root   219 Dec  4 19:04 /backup/top_users.csv
-rw-r--r-- 1 root root 15425 Dec  4 16:54 /backup/transactions_backup.json
-rw-r--r-- 1 root root  2351 Dec  4 16:54 /backup/users_export.csv
-rw-r--r-- 1 root root 14573 Dec  4 19:04 /backup/valid_transactions.json
root@e12900196bff:/backup# echo "=== clean_users.csv ==="  && head -5 /backup/clean_users.csv; tmux wait -S done
=== clean_users.csv ===
user_id,username,email,created_at,status
1,alice_smith,alice_smith@example.com,2024-11-21 01:25:46,inactive
2,bob_jones,bob_jones@example.com,2025-06-28 01:25:46,active
3,charlie_brown,charlie_brown@example.com,2025-08-13 01:25:46,suspended
4,diana_prince,diana_prince@example.com,2025-08-05 01:25:46,inactive
root@e12900196bff:/backup# echo "=== db_stats.txt ===" && cat /backup/db_stats.txt; tmux wait -S done
=== db_stats.txt ===
DATABASE STATISTICS
==================
Total Users: 30
Active Users: 13
Total Transactions: 100
Total Amount: 53109.46
Average per User: 1770.32
root@e12900196bff:/backup# echo "=== top_users.csv ===" && cat /backup/top_users.csv; tmux wait -S done
=== top_users.csv ===
username,total_amount
zara_ahmed,4400.17
alice_smith,3682.87
victor_von,3451.21
donna_noble,3225.49
xavier_prof,2990.51
nick_fury,2709.20
wade_wilson,2678.95
tony_stark,2637.00
frank_white,2539.97
charlie_brown,2525.32
root@e12900196bff:/backup# echo "=== backup_verification.txt ===" && cat /backup/backup_verification.txt; tmux wait -S done
=== backup_verification.txt ===
BACKUP VERIFICATION
===================
Backup Date: 2025-09-28 03:00:00
Tables Backed Up: 2
Total Rows: 130
Integrity Check: PASSED
root@e12900196bff:/backup# echo "=== recovery_complete.txt ===" && cat /backup/recovery_complete.txt; tmux wait -S done
=== recovery_complete.txt ===
RECOVERY_SUCCESSFUL
root@e12900196bff:/backup# echo "=== valid_transactions.json (first 20 lines) ===" && head -20 /backup/valid_transactions.json; tmux wait -S done
=== valid_transactions.json (first 20 lines) ===
[
  {
    "transaction_id": 1,
    "user_id": 16,
    "amount": 46.0,
    "timestamp": "2025-07-16 01:25:56",
    "description": "Subscription"
  },
  {
    "transaction_id": 2,
    "user_id": 6,
    "amount": 646.05,
    "timestamp": "2025-05-02 01:25:56",
    "description": "Payment"
  },
  {
    "transaction_id": 3,
    "user_id": 29,
    "amount": 186.76,
    "timestamp": "2025-07-30 01:25:56",
root@e12900196bff:/backup# tail -5 /backup/valid_transactions.json; tmux wait -S done
    "amount": 372.72,
    "timestamp": "2025-07-05 01:25:56",
    "description": "Subscription"
  }
]
root@e12900196bff:/backup# su - postgres -c "psql -d production_db -c 'SELECT COUNT(*) as user_count FROM users; SELECT COUNT(*) as txn_count FROM transactions;
'"; tmux wait -S done
 user_count
------------
         30
(1 row)

 txn_count
-----------
       100
(1 row)

root@e12900196bff:/backup# wc -l /backup/clean_users.csv /backup/top_users.csv /backup/db_stats.txt /backup/backup_verification.txt /backup/recovery_complete.tx
t /backup/valid_transactions.json; tmux wait -S done
   31 /backup/clean_users.csv
   11 /backup/top_users.csv
    7 /backup/db_stats.txt
    6 /backup/backup_verification.txt
    1 /backup/recovery_complete.txt
  702 /backup/valid_transactions.json
  758 total
root@e12900196bff:/backup# echo "=== Verifying all files end with newline ===" && for f in /backup/clean_users.csv /backup/top_users.csv /backup/db_stats.txt /b
ackup/backup_verification.txt /backup/recovery_complete.txt /backup/valid_transactions.json; do echo -n "$f: "; tail -c 1 "$f" | od -An -tx1; done; tmux wait -S
 done
=== Verifying all files end with newline ===
/backup/clean_users.csv:  0a
/backup/top_users.csv:  0a
/backup/db_stats.txt:  0a
/backup/backup_verification.txt:  0a
/backup/recovery_complete.txt:  0a
/backup/valid_transactions.json:  0a
root@e12900196bff:/backup# echo "=== Verifying top_users.csv has exactly 10 data rows ===" && tail -n +2 /backup/top_users.csv | wc -l; tmux wait -S done
=== Verifying top_users.csv has exactly 10 data rows ===
10
root@e12900196bff:/backup# echo "=== Verifying clean_users.csv has 30 data rows ===" && tail -n +2 /backup/clean_users.csv | wc -l; tmux wait -S done
=== Verifying clean_users.csv has 30 data rows ===
30
root@e12900196bff:/backup# echo "=== Final validation: All required files present ===" && ls -1 /backup/clean_users.csv /backup/valid_transactions.json /backup/
db_stats.txt /backup/top_users.csv /backup/backup_verification.txt /backup/recovery_complete.txt; tmux wait -S done
=== Final validation: All required files present ===
/backup/backup_verification.txt
/backup/clean_users.csv
/backup/db_stats.txt
/backup/recovery_complete.txt
/backup/top_users.csv
/backup/valid_transactions.json
root@e12900196bff:/backup# echo "=== TASK COMPLETION SUMMARY ===" && echo "Database: production_db with users and transactions tables" && echo "Users imported:
30" && echo "Transactions imported: 100" && echo "All required files generated and validated"; tmux wait -S done
=== TASK COMPLETION SUMMARY ===
Database: production_db with users and transactions tables
Users imported: 30
Transactions imported: 100
All required files generated and validated
root@e12900196bff:/backup#
